 VirtuaNES

 Timestamp is 4b318786 (Wed Dec 23 10:59:18 2009)

 Preferred load address is 00400000

 Start         Length     Name                   Class
 0001:00000000 000d973aH .textbss                DATA
 0002:00000000 001b8f8eH .text                   CODE
 0002:001b8f90 000072f2H .text$x                 CODE
 0002:001c0290 000015bbH .text$yc                CODE
 0002:001c1850 0000147bH .text$yd                CODE
 0003:00000000 00000104H .CRT$XCA                DATA
 0003:00000104 00000104H .CRT$XCC                DATA
 0003:00000208 0000014cH .CRT$XCU                DATA
 0003:00000354 00000104H .CRT$XCZ                DATA
 0003:00000458 00000104H .CRT$XIA                DATA
 0003:0000055c 00000118H .CRT$XIC                DATA
 0003:00000674 00000104H .CRT$XIY                DATA
 0003:00000778 00000104H .CRT$XIZ                DATA
 0003:0000087c 00000104H .CRT$XPA                DATA
 0003:00000980 00000109H .CRT$XPX                DATA
 0003:00000a8c 00000104H .CRT$XPXA               DATA
 0003:00000b90 00000104H .CRT$XPZ                DATA
 0003:00000c94 00000104H .CRT$XTA                DATA
 0003:00000d98 00000104H .CRT$XTZ                DATA
 0003:00000ea0 0002b66cH .rdata                  DATA
 0003:0002c50c 00000139H .rdata$debug            DATA
 0003:0002c648 000057bfH .rdata$r                DATA
 0003:00031e08 00000104H .rtc$IAA                DATA
 0003:00031f0c 00000250H .rtc$IMZ                DATA
 0003:0003215c 00000104H .rtc$IZZ                DATA
 0003:00032260 00000104H .rtc$TAA                DATA
 0003:00032364 00000250H .rtc$TMZ                DATA
 0003:000325b4 00000104H .rtc$TZZ                DATA
 0003:000326b8 00006b80H .xdata$x                DATA
 0003:00039238 00000000H .edata                  DATA
 0004:00000000 0000f29eH .data                   DATA
 0004:0000f2a0 00119e24H .bss                    DATA
 0005:00000000 0000012cH .idata$2                DATA
 0005:0000012c 00000014H .idata$3                DATA
 0005:00000140 00000838H .idata$4                DATA
 0005:00000978 00000838H .idata$5                DATA
 0005:000011b0 00001718H .idata$6                DATA
 0006:00000000 00000400H .rsrc$01                DATA
 0006:00000400 00001d63H .rsrc$02                DATA

  Address         Publics by Value              Rva+Base       Lib:Object

 0000:00000000       ___safe_se_handler_count   00000000     <absolute>
 0000:00000000       __except_list              00000000     <absolute>
 0000:00000000       ___safe_se_handler_table   00000000     <absolute>
 0000:00000000       ___ImageBase               00400000     <linker-defined>
 0001:00000000       __enc$textbss$begin        00401000     <linker-defined>
 0001:000d973a       __enc$textbss$end          004da73a     <linker-defined>
 0002:0000cc10       ?DispatchDlg@CAboutDlg@@MAEHPAUHWND__@@IIJ@Z 004e7c10 f   AboutDlg.obj
 0002:0000cda0       ?DoModal@CAboutDlg@@UAEHPAUHWND__@@@Z 004e7da0 f   AboutDlg.obj
 0002:0000ce20       ?GetPlugin@CApp@@SAPAUHINSTANCE__@@XZ 004e7e20 f i AboutDlg.obj
 0002:0000ce60       ?OnInitDialog@CAboutDlg@@IAEHPAUHWND__@@IJAAH@Z 004e7e60 f   AboutDlg.obj
 0002:0000d0e0       ?ReadLow@smb2j@@UAEEG@Z    004e80e0 f   MapperFactory.obj
 0002:0000d180       ?LoadIconA@CApp@@SAPAUHICON__@@I@Z 004e8180 f i AboutDlg.obj
 0002:0000d1e0       ?Attach@CHyperLink@@QAEHPAUHWND__@@PBD1@Z 004e81e0 f i AboutDlg.obj
 0002:0000d520       ?CalcLabelRectangle@CHyperLink@@IAEHXZ 004e8520 f i AboutDlg.obj
 0002:0000d7a0       ?HyperLinkProc@CHyperLink@@KGJPAUHWND__@@IIJ@Z 004e87a0 f i AboutDlg.obj
 0002:0000dc40       ?Detach@CHyperLink@@QAEHXZ 004e8c40 f i AboutDlg.obj
 0002:0000dd90       ?OnOK@CAboutDlg@@IAEXPAUHWND__@@I@Z 004e8d90 f   AboutDlg.obj
 0002:0000de00       ?OnCancel@CAboutDlg@@IAEXPAUHWND__@@I@Z 004e8e00 f   AboutDlg.obj
 0002:0000de70       ?OnWebsite@CAboutDlg@@IAEXPAUHWND__@@I@Z 004e8e70 f   AboutDlg.obj
 0002:0000dee0       ??0?$basic_string@DU?$char_traits@D@std@@V?$allocator@D@2@@std@@QAE@XZ 004e8ee0 f i AboutDlg.obj
 0002:0000dfa0       ??1?$basic_string@DU?$char_traits@D@std@@V?$allocator@D@2@@std@@QAE@XZ 004e8fa0 f i AboutDlg.obj
 0002:0000e050       ??4?$basic_string@DU?$char_traits@D@std@@V?$allocator@D@2@@std@@QAEAAV01@ABV01@@Z 004e9050 f i AboutDlg.obj
 0002:0000e0b0       ??4?$basic_string@DU?$char_traits@D@std@@V?$allocator@D@2@@std@@QAEAAV01@PBD@Z 004e90b0 f i AboutDlg.obj
 0002:0000e110       ??Y?$basic_string@DU?$char_traits@D@std@@V?$allocator@D@2@@std@@QAEAAV01@PBD@Z 004e9110 f i AboutDlg.obj
 0002:0000e170       ?c_str@?$basic_string@DU?$char_traits@D@std@@V?$allocator@D@2@@std@@QBEPBDXZ 004e9170 f i AboutDlg.obj
 0002:0000e1c0       ?allocate@?$_DebugHeapAllocator@D@std@@QAAPADIPBX@Z 004e91c0 f i AboutDlg.obj
 0002:0000e280       ??0bad_alloc@std@@QAE@PBD@Z 004e9280 f i AboutDlg.obj
 0002:0000e2f0       ??1bad_alloc@std@@UAE@XZ   004e92f0 f i AboutDlg.obj
 0002:0000e350       ??_Gbad_alloc@std@@UAEPAXI@Z 004e9350 f i AboutDlg.obj
 0002:0000e350       ??_Ebad_alloc@std@@UAEPAXI@Z 004e9350 f i AboutDlg.obj
 0002:0000e3c0       ?allocate@?$_DebugHeapAllocator@D@std@@QAEPADI@Z 004e93c0 f i AboutDlg.obj
 0002:0000e480       ?deallocate@?$_DebugHeapAllocator@D@std@@QAEXPADI@Z 004e9480 f i AboutDlg.obj
 0002:0000e4e0       ??1?$_String_val@DV?$allocator@D@std@@@std@@QAE@XZ 004e94e0 f i AboutDlg.obj
 0002:0000e530       ??0bad_alloc@std@@QAE@ABV01@@Z 004e9530 f i AboutDlg.obj
 0002:0000e5a0       ??0?$_DebugHeapAllocator@D@std@@QAE@XZ 004e95a0 f i AboutDlg.obj
 0002:0000e600       ??1_String_base@std@@QAE@XZ 004e9600 f i AboutDlg.obj
 0002:0000e650       ??1_Container_base_secure@std@@QAE@XZ 004e9650 f i AboutDlg.obj
 0002:0000e6a0       ?_Orphan_all@_Container_base_secure@std@@QBEXXZ 004e96a0 f i AboutDlg.obj
 0002:0000e780       ?append@?$basic_string@DU?$char_traits@D@std@@V?$allocator@D@2@@std@@QAEAAV12@PBD@Z 004e9780 f i AboutDlg.obj
 0002:0000e810       ?length@?$char_traits@D@std@@SAIPBD@Z 004e9810 f i AboutDlg.obj
 0002:0000e860       ?assign@?$basic_string@DU?$char_traits@D@std@@V?$allocator@D@2@@std@@QAEAAV12@ABV12@@Z 004e9860 f i AboutDlg.obj
 0002:0000e8c0       ?assign@?$basic_string@DU?$char_traits@D@std@@V?$allocator@D@2@@std@@QAEAAV12@ABV12@II@Z 004e98c0 f i AboutDlg.obj
 0002:0000e9e0       ?size@?$basic_string@DU?$char_traits@D@std@@V?$allocator@D@2@@std@@QBEIXZ 004e99e0 f i AboutDlg.obj
 0002:0000ea20       ?assign@?$basic_string@DU?$char_traits@D@std@@V?$allocator@D@2@@std@@QAEAAV12@PBD@Z 004e9a20 f i AboutDlg.obj
 0002:0000eab0       ?_Tidy@?$basic_string@DU?$char_traits@D@std@@V?$allocator@D@2@@std@@IAEX_NI@Z 004e9ab0 f i AboutDlg.obj
 0002:0000eb80       ?_Myptr@?$basic_string@DU?$char_traits@D@std@@V?$allocator@D@2@@std@@IBEPBDXZ 004e9b80 f i AboutDlg.obj
 0002:0000ebf0       ??0?$_String_val@DV?$allocator@D@std@@@std@@IAE@V?$allocator@D@1@@Z 004e9bf0 f i AboutDlg.obj
 0002:0000ec60       ??0?$allocator@D@std@@QAE@XZ 004e9c60 f i AboutDlg.obj
 0002:0000eca0       ??0_String_base@std@@QAE@XZ 004e9ca0 f i AboutDlg.obj
 0002:0000ed00       ??0_Container_base_secure@std@@QAE@XZ 004e9d00 f i AboutDlg.obj
 0002:0000ed50       ??0?$_DebugHeapAllocator@D@std@@QAE@ABV01@@Z 004e9d50 f i AboutDlg.obj
 0002:0000edb0       ?append@?$basic_string@DU?$char_traits@D@std@@V?$allocator@D@2@@std@@QAEAAV12@PBDI@Z 004e9db0 f i AboutDlg.obj
 0002:0000ef10       ?assign@?$basic_string@DU?$char_traits@D@std@@V?$allocator@D@2@@std@@QAEAAV12@PBDI@Z 004e9f10 f i AboutDlg.obj
 0002:0000f010       ?erase@?$basic_string@DU?$char_traits@D@std@@V?$allocator@D@2@@std@@QAEAAV12@II@Z 004ea010 f i AboutDlg.obj
 0002:0000f100       ?_Eos@?$basic_string@DU?$char_traits@D@std@@V?$allocator@D@2@@std@@IAEXI@Z 004ea100 f i AboutDlg.obj
 0002:0000f180       ?assign@?$char_traits@D@std@@SAXAADABD@Z 004ea180 f i AboutDlg.obj
 0002:0000f1c0       ?_Grow@?$basic_string@DU?$char_traits@D@std@@V?$allocator@D@2@@std@@IAE_NI_N@Z 004ea1c0 f i AboutDlg.obj
 0002:0000f2c0       ?_Myptr@?$basic_string@DU?$char_traits@D@std@@V?$allocator@D@2@@std@@IAEPADXZ 004ea2c0 f i AboutDlg.obj
 0002:0000f330       ??0?$allocator@D@std@@QAE@ABV01@@Z 004ea330 f i AboutDlg.obj
 0002:0000f370       ?deallocate@?$allocator@D@std@@QAEXPADI@Z 004ea370 f i AboutDlg.obj
 0002:0000f3d0       ?append@?$basic_string@DU?$char_traits@D@std@@V?$allocator@D@2@@std@@QAEAAV12@ABV12@II@Z 004ea3d0 f i AboutDlg.obj
 0002:0000f510       ?max_size@?$basic_string@DU?$char_traits@D@std@@V?$allocator@D@2@@std@@QBEIXZ 004ea510 f i AboutDlg.obj
 0002:0000f5a0       ?_Copy@?$basic_string@DU?$char_traits@D@std@@V?$allocator@D@2@@std@@IAEXII@Z 004ea5a0 f i AboutDlg.obj
 0002:0000f7d0       ?_Inside@?$basic_string@DU?$char_traits@D@std@@V?$allocator@D@2@@std@@IAE_NPBD@Z 004ea7d0 f i AboutDlg.obj
 0002:0000f850       ?allocate@?$allocator@D@std@@QAEPADI@Z 004ea850 f i AboutDlg.obj
 0002:0000f8b0       ?max_size@?$allocator@D@std@@QBEIXZ 004ea8b0 f i AboutDlg.obj
 0002:0000f920       ??$_Debug_pointer@D@std@@YAXPBDPB_WI@Z 004ea920 f i AboutDlg.obj
 0002:0000f980       ??$?HDU?$char_traits@D@std@@V?$allocator@D@1@@std@@YA?AV?$basic_string@DU?$char_traits@D@std@@V?$allocator@D@2@@0@PBDABV10@@Z 004ea980 f i AboutDlg.obj
 0002:0000fa80       ??0?$basic_string@DU?$char_traits@D@std@@V?$allocator@D@2@@std@@QAE@PBD@Z 004eaa80 f i AboutDlg.obj
 0002:0000fb50       ??0?$basic_string@DU?$char_traits@D@std@@V?$allocator@D@2@@std@@QAE@ABV01@@Z 004eab50 f i AboutDlg.obj
 0002:0000fc20       ??0?$_String_val@DV?$allocator@D@std@@@std@@QAE@ABV01@@Z 004eac20 f i AboutDlg.obj
 0002:0000fca0       ??$_DebugHeapDelete@X@std@@YAXPAX@Z 004eaca0 f i AboutDlg.obj
 0002:0000fd00       ??$copy_s@U?$char_traits@D@std@@@_Traits_helper@std@@YAPADPADIPBDI@Z 004ead00 f i AboutDlg.obj
 0002:0000fd80       ??$move_s@U?$char_traits@D@std@@@_Traits_helper@std@@YAPADPADIPBDI@Z 004ead80 f i AboutDlg.obj
 0002:0000fe00       ??$_Allocate@D@std@@YAPADIPAD@Z 004eae00 f i AboutDlg.obj
 0002:0000fea0       ??Y?$basic_string@DU?$char_traits@D@std@@V?$allocator@D@2@@std@@QAEAAV01@ABV01@@Z 004eaea0 f i AboutDlg.obj
 0002:0000ff00       ?append@?$basic_string@DU?$char_traits@D@std@@V?$allocator@D@2@@std@@QAEAAV12@ABV12@@Z 004eaf00 f i AboutDlg.obj
 0002:0000ff60       ??$_Char_traits_cat@U?$char_traits@D@std@@@std@@YA?AU_Secure_char_traits_tag@0@XZ 004eaf60 f i AboutDlg.obj
 0002:0000ffd0       ??$copy_s@U?$char_traits@D@std@@@_Traits_helper@std@@YAPADPADIPBDIU_Secure_char_traits_tag@1@@Z 004eafd0 f i AboutDlg.obj
 0002:00010030       ?_Copy_s@?$char_traits@D@std@@SAPADPADIPBDI@Z 004eb030 f i AboutDlg.obj
 0002:00010090       ??$move_s@U?$char_traits@D@std@@@_Traits_helper@std@@YAPADPADIPBDIU_Secure_char_traits_tag@1@@Z 004eb090 f i AboutDlg.obj
 0002:000100f0       ?_Move_s@?$char_traits@D@std@@SAPADPADIPBDI@Z 004eb0f0 f i AboutDlg.obj
 0002:00010150       ?LoadErrorString@CApp@@SAXXZ 004eb150 f   App.obj
 0002:00010200       ?LoadStringA@CApp@@SAHIPADH@Z 004eb200 f i App.obj
 0002:00010270       ?GetErrorString@CApp@@SAPADH@Z 004eb270 f   App.obj
 0002:000102f0       ?ZlibUnZip@@YAHPBDPAPAEPAK@Z 004eb2f0 f   Archive.obj
 0002:00010680       ?UnCompress@@YAHPBDPAPAEPAK@Z 004eb680 f   Archive.obj
 0002:000111a0       ?DispatchDlg@CAviConvDlg@@MAEHPAUHWND__@@IIJ@Z 004ec1a0 f   AviConvDlg.obj
 0002:000114c0       ??0CAviConvDlg@@QAE@XZ     004ec4c0 f   AviConvDlg.obj
 0002:00011730       ?Create@CWnd@@UAEHPAUHWND__@@@Z 004ec730 f i AviConvDlg.obj
 0002:00011770       ?Destroy@CWnd@@UAEXXZ      004ec770 f i AviConvDlg.obj
 0002:000117b0       ?PreTranslateMessage@CWnd@@UAEHPAUtagMSG@@@Z 004ec7b0 f i AviConvDlg.obj
 0002:000117f0       ?DispatchWnd@CWnd@@MAEJPAUHWND__@@IIJ@Z 004ec7f0 f i AviConvDlg.obj
 0002:00011860       ??_GCAviConvDlg@@UAEPAXI@Z 004ec860 f i AviConvDlg.obj
 0002:00011860       ??_ECAviConvDlg@@UAEPAXI@Z 004ec860 f i AviConvDlg.obj
 0002:000118d0       ??1CAviConvDlg@@UAE@XZ     004ec8d0 f   AviConvDlg.obj
 0002:00011a60       ?DoModal@CAviConvDlg@@UAEHPAUHWND__@@@Z 004eca60 f   AviConvDlg.obj
 0002:00011ae0       ?OnInitDialog@CAviConvDlg@@IAEHPAUHWND__@@IJAAH@Z 004ecae0 f   AviConvDlg.obj
 0002:00012090       ?OnCancel@CAviConvDlg@@IAEXPAUHWND__@@I@Z 004ed090 f   AviConvDlg.obj
 0002:000122a0       ?OnRomFileBrowse@CAviConvDlg@@IAEXPAUHWND__@@I@Z 004ed2a0 f   AviConvDlg.obj
 0002:00012570       ?GetModulePath@CApp@@SAPBDXZ 004ed570 f i AviConvDlg.obj
 0002:000125b0       ?OnMovieFileBrowse@CAviConvDlg@@IAEXPAUHWND__@@I@Z 004ed5b0 f   AviConvDlg.obj
 0002:000128a0       ?OnAviFileBrowse@CAviConvDlg@@IAEXPAUHWND__@@I@Z 004ed8a0 f   AviConvDlg.obj
 0002:00012b90       ?OnVideoCompressSelect@CAviConvDlg@@IAEXPAUHWND__@@I@Z 004edb90 f   AviConvDlg.obj
 0002:00012c40       ?OnConvertDone@CAviConvDlg@@IAEHPAUHWND__@@IJAAH@Z 004edc40 f   AviConvDlg.obj
 0002:00012f30       ?OnConvertError@CAviConvDlg@@IAEHPAUHWND__@@IJAAH@Z 004edf30 f   AviConvDlg.obj
 0002:000130f0       ?OnConvertStart@CAviConvDlg@@IAEXPAUHWND__@@I@Z 004ee0f0 f   AviConvDlg.obj
 0002:00013870       ?SetScreenPtr@PPU@@QAEXPAE0@Z 004ee870 f i AviConvDlg.obj
 0002:000138c0       ?OnTimer@CAviConvDlg@@IAEHPAUHWND__@@IJAAH@Z 004ee8c0 f   AviConvDlg.obj
 0002:00013b50       ?ThreadProc@CAviConvDlg@@KGKPAX@Z 004eeb50 f   AviConvDlg.obj
 0002:00014130       ?IsMoviePlay@NES@@QAEHXZ   004ef130 f i AviConvDlg.obj
 0002:00014170       ?ControlEnable@CAviConvDlg@@IAEXH@Z 004ef170 f   AviConvDlg.obj
 0002:00014440       ??0CAVIWriter@@QAE@XZ      004ef440 f   AviWriter.obj
 0002:00014610       ??_GCAVIWriter@@UAEPAXI@Z  004ef610 f i AviWriter.obj
 0002:00014610       ??_ECAVIWriter@@UAEPAXI@Z  004ef610 f i AviWriter.obj
 0002:00014680       ??1CAVIWriter@@UAE@XZ      004ef680 f   AviWriter.obj
 0002:000146e0       ?Open@CAVIWriter@@QAE_NPBD@Z 004ef6e0 f   AviWriter.obj
 0002:000148d0       ?Close@CAVIWriter@@QAEXXZ  004ef8d0 f   AviWriter.obj
 0002:000149b0       ?SelectVideoFormat@CAVIWriter@@QAE_NPAUHWND__@@@Z 004ef9b0 f   AviWriter.obj
 0002:00014b50       ?SetVideoFormat@CAVIWriter@@QAEXPAUtagBITMAPINFOHEADER@@@Z 004efb50 f   AviWriter.obj
 0002:00014ba0       ?SetAudioFormat@CAVIWriter@@QAEXKGH@Z 004efba0 f   AviWriter.obj
 0002:00014d40       ?SetFrameRate@CAVIWriter@@QAEXKK@Z 004efd40 f   AviWriter.obj
 0002:00014da0       ?WriteVideo@CAVIWriter@@QAE_NPBD@Z 004efda0 f   AviWriter.obj
 0002:00014e60       ?WriteAudio@CAVIWriter@@QAE_NPBDH@Z 004efe60 f   AviWriter.obj
 0002:00014f30       ?WriteFrame@CAVIWriter@@QAE_NPBD0H@Z 004eff30 f   AviWriter.obj
 0002:00014fc0       ?DispatchDlg@CChatDlg@@MAEHPAUHWND__@@IIJ@Z 004effc0 f   ChatDlg.obj
 0002:00015510       ?Create@CChatDlg@@UAEHPAUHWND__@@@Z 004f0510 f   ChatDlg.obj
 0002:000155c0       ?Destroy@CChatDlg@@UAEXXZ  004f05c0 f   ChatDlg.obj
 0002:00015670       ?SetEditText@CChatDlg@@QAEXXZ 004f0670 f   ChatDlg.obj
 0002:00015b50       ?IsConnect@CNetPlay@@QAEHXZ 004f0b50 f i ChatDlg.obj
 0002:00015bc0       ?OnCopyData@CChatDlg@@IAEHPAUHWND__@@IJAAH@Z 004f0bc0 f   ChatDlg.obj
 0002:00015d20       ?GetHWnd@CApp@@SAPAUHWND__@@XZ 004f0d20 f i ChatDlg.obj
 0002:00015d60       ?OnInitDialog@CChatDlg@@IAEHPAUHWND__@@IJAAH@Z 004f0d60 f   ChatDlg.obj
 0002:00016050       ?SetChatWnd@CNetPlay@@QAEXPAUHWND__@@@Z 004f1050 f i ChatDlg.obj
 0002:000160a0       ?OnDestroy@CChatDlg@@IAEHPAUHWND__@@IJAAH@Z 004f10a0 f   ChatDlg.obj
 0002:000160e0       ?OnClose@CChatDlg@@IAEHPAUHWND__@@IJAAH@Z 004f10e0 f   ChatDlg.obj
 0002:00016150       ?OnActivate@CChatDlg@@IAEHPAUHWND__@@IJAAH@Z 004f1150 f   ChatDlg.obj
 0002:00016220       ?InputKeyboardDisable@CConfig@@QAEXH@Z 004f1220 f i ChatDlg.obj
 0002:00016270       ?OnSetCursor@CChatDlg@@IAEHPAUHWND__@@IJAAH@Z 004f1270 f   ChatDlg.obj
 0002:000162b0       ?OnSize@CChatDlg@@IAEHPAUHWND__@@IJAAH@Z 004f12b0 f   ChatDlg.obj
 0002:00016570       ?OnControlColorStatic@CChatDlg@@IAEHPAUHWND__@@IJAAH@Z 004f1570 f   ChatDlg.obj
 0002:00016630       ?OnMessageFocus@CChatDlg@@IAEXPAUHWND__@@I@Z 004f1630 f   ChatDlg.obj
 0002:000166b0       ?OnOK@CChatDlg@@IAEXPAUHWND__@@I@Z 004f16b0 f   ChatDlg.obj
 0002:00016710       ?OnCancel@CChatDlg@@IAEXPAUHWND__@@I@Z 004f1710 f   ChatDlg.obj
 0002:00016780       ?OnSend@CChatDlg@@IAEXPAUHWND__@@I@Z 004f1780 f   ChatDlg.obj
 0002:00016810       ??$?HDU?$char_traits@D@std@@V?$allocator@D@1@@std@@YA?AV?$basic_string@DU?$char_traits@D@std@@V?$allocator@D@2@@0@ABV10@PBD@Z 004f1810 f i ChatDlg.obj
 0002:00016910       ?DispatchDlg@CSearchDlg@@MAEHPAUHWND__@@IIJ@Z 004f1910 f   CheatDlg.obj
 0002:00016d90       ?Create@CSearchDlg@@UAEHPAUHWND__@@@Z 004f1d90 f   CheatDlg.obj
 0002:00016e50       ?Destroy@CSearchDlg@@UAEXXZ 004f1e50 f   CheatDlg.obj
 0002:00016f30       ?OnListUpdate@CSearchDlg@@IAEXXZ 004f1f30 f   CheatDlg.obj
 0002:00017630       ?GetNesMemory@CSearchDlg@@IAEKHK@Z 004f2630 f   CheatDlg.obj
 0002:000176f0       ?GetNES@CEmuThread@@QAEPAVNES@@XZ 004f26f0 f i CheatDlg.obj
 0002:00017730       ?GetSearchMemory@CSearchDlg@@IAEKHK@Z 004f2730 f   CheatDlg.obj
 0002:00017850       ?GetSearchMemoryOld@CSearchDlg@@IAEKHK@Z 004f2850 f   CheatDlg.obj
 0002:00017970       ?CompareData@CSearchDlg@@IAEHHKK@Z 004f2970 f   CheatDlg.obj
 0002:00017a70       ?CompareRange@CSearchDlg@@IAEHHKKK@Z 004f2a70 f   CheatDlg.obj
 0002:00017e50       ?OnInitDialog@CSearchDlg@@IAEHPAUHWND__@@IJAAH@Z 004f2e50 f   CheatDlg.obj
 0002:00018550       ?LoadMenuA@CApp@@SAPAUHMENU__@@I@Z 004f3550 f i CheatDlg.obj
 0002:000185b0       ?OnActivate@CSearchDlg@@IAEHPAUHWND__@@IJAAH@Z 004f35b0 f   CheatDlg.obj
 0002:000186d0       ?IsRunning@CEmuThread@@QAEHXZ 004f36d0 f i CheatDlg.obj
 0002:00018720       ?OnClose@CSearchDlg@@IAEHPAUHWND__@@IJAAH@Z 004f3720 f   CheatDlg.obj
 0002:00018790       ?OnContextMenu@CSearchDlg@@IAEHPAUHWND__@@IJAAH@Z 004f3790 f   CheatDlg.obj
 0002:000189d0       ?OnOK@CSearchDlg@@IAEXPAUHWND__@@I@Z 004f39d0 f   CheatDlg.obj
 0002:00018a10       ?OnCancel@CSearchDlg@@IAEXPAUHWND__@@I@Z 004f3a10 f   CheatDlg.obj
 0002:00018a80       ?OnRadixCommand@CSearchDlg@@IAEXPAUHWND__@@I@Z 004f3a80 f   CheatDlg.obj
 0002:00018b00       ?OnLengthCommand@CSearchDlg@@IAEXPAUHWND__@@I@Z 004f3b00 f   CheatDlg.obj
 0002:00018b70       ?OnStart@CSearchDlg@@IAEXPAUHWND__@@I@Z 004f3b70 f   CheatDlg.obj
 0002:00018da0       ?OnUpdate@CSearchDlg@@IAEXPAUHWND__@@I@Z 004f3da0 f   CheatDlg.obj
 0002:00018f90       ?OnUndo@CSearchDlg@@IAEXPAUHWND__@@I@Z 004f3f90 f   CheatDlg.obj
 0002:00019040       ?OnSearchCommand@CSearchDlg@@IAEXPAUHWND__@@I@Z 004f4040 f   CheatDlg.obj
 0002:00019410       ?OnSearchData@CSearchDlg@@IAEXPAUHWND__@@I@Z 004f4410 f   CheatDlg.obj
 0002:00019890       ?OnWriteData@CSearchDlg@@IAEXPAUHWND__@@I@Z 004f4890 f   CheatDlg.obj
 0002:00019a90       ?OnCodeAppend@CSearchDlg@@IAEXPAUHWND__@@I@Z 004f4a90 f   CheatDlg.obj
 0002:00019c70       ??0CCheatCodeEditDlg@@QAE@XZ 004f4c70 f i CheatDlg.obj
 0002:00019d30       ??1CCheatCodeEditDlg@@UAE@XZ 004f4d30 f i CheatDlg.obj
 0002:00019de0       ??0CHEATCODE@@QAE@ABV0@@Z  004f4de0 f i CheatDlg.obj
 0002:00019e90       ??1CHEATCODE@@QAE@XZ       004f4e90 f i CheatDlg.obj
 0002:00019ef0       ??_GCCheatCodeEditDlg@@UAEPAXI@Z 004f4ef0 f i CheatDlg.obj
 0002:00019ef0       ??_ECCheatCodeEditDlg@@UAEPAXI@Z 004f4ef0 f i CheatDlg.obj
 0002:00019f60       ??0CHEATCODE@@QAE@XZ       004f4f60 f i CheatDlg.obj
 0002:00019fc0       ?OnDoubleClickListView@CSearchDlg@@IAEXPAUHWND__@@IPAUtagNMHDR@@AAJ@Z 004f4fc0 f   CheatDlg.obj
 0002:0001a110       ?DispatchDlg@CCheatCodeEditDlg@@MAEHPAUHWND__@@IIJ@Z 004f5110 f   CheatDlg.obj
 0002:0001a260       ?DoModal@CCheatCodeEditDlg@@UAEHPAUHWND__@@@Z 004f5260 f   CheatDlg.obj
 0002:0001a2e0       ?OnInitDialog@CCheatCodeEditDlg@@IAEHPAUHWND__@@IJAAH@Z 004f52e0 f   CheatDlg.obj
 0002:0001a650       ?OnOK@CCheatCodeEditDlg@@IAEXPAUHWND__@@I@Z 004f5650 f   CheatDlg.obj
 0002:0001aa30       ?OnCancel@CCheatCodeEditDlg@@IAEXPAUHWND__@@I@Z 004f5a30 f   CheatDlg.obj
 0002:0001aaa0       ?DispatchDlg@CCheatCodeInputDlg@@MAEHPAUHWND__@@IIJ@Z 004f5aa0 f   CheatDlg.obj
 0002:0001abf0       ?DoModal@CCheatCodeInputDlg@@UAEHPAUHWND__@@@Z 004f5bf0 f   CheatDlg.obj
 0002:0001ac70       ?OnInitDialog@CCheatCodeInputDlg@@IAEHPAUHWND__@@IJAAH@Z 004f5c70 f   CheatDlg.obj
 0002:0001ad20       ?OnOK@CCheatCodeInputDlg@@IAEXPAUHWND__@@I@Z 004f5d20 f   CheatDlg.obj
 0002:0001ae70       ?OnCancel@CCheatCodeInputDlg@@IAEXPAUHWND__@@I@Z 004f5e70 f   CheatDlg.obj
 0002:0001aee0       ?DispatchDlg@CCheatCodeDlg@@MAEHPAUHWND__@@IIJ@Z 004f5ee0 f   CheatDlg.obj
 0002:0001b380       ?DoModal@CCheatCodeDlg@@UAEHPAUHWND__@@@Z 004f6380 f   CheatDlg.obj
 0002:0001b410       ?OnListUpdate@CCheatCodeDlg@@IAEXXZ 004f6410 f   CheatDlg.obj
 0002:0001b7c0       ?OnInitDialog@CCheatCodeDlg@@IAEHPAUHWND__@@IJAAH@Z 004f67c0 f   CheatDlg.obj
 0002:0001bc10       ?GetInstance@CApp@@SAPAUHINSTANCE__@@XZ 004f6c10 f i CheatDlg.obj
 0002:0001bc50       ?OnDestroy@CCheatCodeDlg@@IAEHPAUHWND__@@IJAAH@Z 004f6c50 f   CheatDlg.obj
 0002:0001bd10       ?OnTimer@CCheatCodeDlg@@IAEHPAUHWND__@@IJAAH@Z 004f6d10 f   CheatDlg.obj
 0002:0001bd90       ?OnKeyDownListView@CCheatCodeDlg@@IAEXPAUHWND__@@IPAUtagNMHDR@@AAJ@Z 004f6d90 f   CheatDlg.obj
 0002:0001c060       ?OnClickListView@CCheatCodeDlg@@IAEXPAUHWND__@@IPAUtagNMHDR@@AAJ@Z 004f7060 f   CheatDlg.obj
 0002:0001c320       ?OnDblClkListView@CCheatCodeDlg@@IAEXPAUHWND__@@IPAUtagNMHDR@@AAJ@Z 004f7320 f   CheatDlg.obj
 0002:0001c430       ?OnOK@CCheatCodeDlg@@IAEXPAUHWND__@@I@Z 004f7430 f   CheatDlg.obj
 0002:0001c4b0       ?OnCancel@CCheatCodeDlg@@IAEXPAUHWND__@@I@Z 004f74b0 f   CheatDlg.obj
 0002:0001c600       ?OnEnable@CCheatCodeDlg@@IAEXPAUHWND__@@I@Z 004f7600 f   CheatDlg.obj
 0002:0001c670       ?OnDisable@CCheatCodeDlg@@IAEXPAUHWND__@@I@Z 004f7670 f   CheatDlg.obj
 0002:0001c6e0       ?OnClear@CCheatCodeDlg@@IAEXPAUHWND__@@I@Z 004f76e0 f   CheatDlg.obj
 0002:0001c750       ?OnRemove@CCheatCodeDlg@@IAEXPAUHWND__@@I@Z 004f7750 f   CheatDlg.obj
 0002:0001c880       ?OnInput@CCheatCodeDlg@@IAEXPAUHWND__@@I@Z 004f7880 f   CheatDlg.obj
 0002:0001cdf0       ??0CCheatCodeInputDlg@@QAE@XZ 004f7df0 f i CheatDlg.obj
 0002:0001cec0       ??1CCheatCodeInputDlg@@UAE@XZ 004f7ec0 f i CheatDlg.obj
 0002:0001cf80       ??_ECCheatCodeInputDlg@@UAEPAXI@Z 004f7f80 f i CheatDlg.obj
 0002:0001cf80       ??_GCCheatCodeInputDlg@@UAEPAXI@Z 004f7f80 f i CheatDlg.obj
 0002:0001cff0       ?OnEdit@CCheatCodeDlg@@IAEXPAUHWND__@@I@Z 004f7ff0 f   CheatDlg.obj
 0002:0001d230       ?OnLoad@CCheatCodeDlg@@IAEXPAUHWND__@@I@Z 004f8230 f   CheatDlg.obj
 0002:0001dd60       ?GetRomPath@ROM@@QAEPBDXZ  004f8d60 f i CheatDlg.obj
 0002:0001dda0       ?GetRomName@ROM@@QAEPBDXZ  004f8da0 f i CheatDlg.obj
 0002:0001dde0       ?OnSave@CCheatCodeDlg@@IAEXPAUHWND__@@I@Z 004f8de0 f   CheatDlg.obj
 0002:0001e450       ?size@?$vector@VCHEATCODE@@V?$allocator@VCHEATCODE@@@std@@@std@@QBEIXZ 004f9450 f i CheatDlg.obj
 0002:0001e4a0       ??A?$vector@VCHEATCODE@@V?$allocator@VCHEATCODE@@@std@@@std@@QAEAAVCHEATCODE@@I@Z 004f94a0 f i CheatDlg.obj
 0002:0001e5e0       ?push_back@?$vector@VCHEATCODE@@V?$allocator@VCHEATCODE@@@std@@@std@@QAEXABVCHEATCODE@@@Z 004f95e0 f i CheatDlg.obj
 0002:0001e750       ?clear@?$vector@VCHEATCODE@@V?$allocator@VCHEATCODE@@@std@@@std@@QAEXXZ 004f9750 f i CheatDlg.obj
 0002:0001e8e0       ??1?$_Vector_iterator@VCHEATCODE@@V?$allocator@VCHEATCODE@@@std@@@std@@QAE@XZ 004f98e0 f i CheatDlg.obj
 0002:0001e930       ??0?$_Vector_const_iterator@VCHEATCODE@@V?$allocator@VCHEATCODE@@@std@@@std@@QAE@ABV01@@Z 004f9930 f i CheatDlg.obj
 0002:0001e9a0       ??1?$_Vector_const_iterator@VCHEATCODE@@V?$allocator@VCHEATCODE@@@std@@@std@@QAE@XZ 004f99a0 f i CheatDlg.obj
 0002:0001e9f0       ??0?$_Ranit@VCHEATCODE@@HPBV1@ABV1@@std@@QAE@ABU01@@Z 004f99f0 f i CheatDlg.obj
 0002:0001ea50       ??1?$_Ranit@VCHEATCODE@@HPBV1@ABV1@@std@@QAE@XZ 004f9a50 f i CheatDlg.obj
 0002:0001eaa0       ??0?$_Iterator_with_base@Urandom_access_iterator_tag@std@@VCHEATCODE@@HPBV3@ABV3@V_Iterator_base@2@@std@@QAE@ABU01@@Z 004f9aa0 f i CheatDlg.obj
 0002:0001eb00       ??0_Iterator_base@std@@QAE@ABV01@@Z 004f9b00 f i CheatDlg.obj
 0002:0001eb80       ??4_Iterator_base@std@@QAEAAV01@ABV01@@Z 004f9b80 f i CheatDlg.obj
 0002:0001ec90       ?_Adopt@_Iterator_base@std@@QAEXPBV_Container_base_secure@2@@Z 004f9c90 f i CheatDlg.obj
 0002:0001edc0       ?_Orphan_me@_Iterator_base@std@@QAEXXZ 004f9dc0 f i CheatDlg.obj
 0002:0001ee90       ??1?$_Iterator_with_base@Urandom_access_iterator_tag@std@@VCHEATCODE@@HPBV3@ABV3@V_Iterator_base@2@@std@@QAE@XZ 004f9e90 f i CheatDlg.obj
 0002:0001eee0       ??1_Iterator_base@std@@QAE@XZ 004f9ee0 f i CheatDlg.obj
 0002:0001efd0       ?capacity@?$vector@VCHEATCODE@@V?$allocator@VCHEATCODE@@@std@@@std@@QBEIXZ 004f9fd0 f i CheatDlg.obj
 0002:0001f050       ?begin@?$vector@VCHEATCODE@@V?$allocator@VCHEATCODE@@@std@@@std@@QAE?AV?$_Vector_iterator@VCHEATCODE@@V?$allocator@VCHEATCODE@@@std@@@2@XZ 004fa050 f i CheatDlg.obj
 0002:0001f0e0       ?end@?$vector@VCHEATCODE@@V?$allocator@VCHEATCODE@@@std@@@std@@QAE?AV?$_Vector_iterator@VCHEATCODE@@V?$allocator@VCHEATCODE@@@std@@@2@XZ 004fa0e0 f i CheatDlg.obj
 0002:0001f170       ?insert@?$vector@VCHEATCODE@@V?$allocator@VCHEATCODE@@@std@@@std@@QAE?AV?$_Vector_iterator@VCHEATCODE@@V?$allocator@VCHEATCODE@@@std@@@2@V?$_Vector_const_iterator@VCHEATCODE@@V?$allocator@VCHEATCODE@@@std@@@2@ABVCHEATCODE@@@Z 004fa170 f i CheatDlg.obj
 0002:0001f370       ?erase@?$vector@VCHEATCODE@@V?$allocator@VCHEATCODE@@@std@@@std@@QAE?AV?$_Vector_iterator@VCHEATCODE@@V?$allocator@VCHEATCODE@@@std@@@2@V?$_Vector_const_iterator@VCHEATCODE@@V?$allocator@VCHEATCODE@@@std@@@2@0@Z 004fa370 f i CheatDlg.obj
 0002:0001f600       ?_Ufill@?$vector@VCHEATCODE@@V?$allocator@VCHEATCODE@@@std@@@std@@IAEPAVCHEATCODE@@PAV3@IABV3@@Z 004fa600 f i CheatDlg.obj
 0002:0001f680       ?_Orphan_range@?$vector@VCHEATCODE@@V?$allocator@VCHEATCODE@@@std@@@std@@IBEXPAVCHEATCODE@@0@Z 004fa680 f i CheatDlg.obj
 0002:0001f780       ?_Make_iter@?$vector@VCHEATCODE@@V?$allocator@VCHEATCODE@@@std@@@std@@QBE?AV?$_Vector_iterator@VCHEATCODE@@V?$allocator@VCHEATCODE@@@std@@@2@V?$_Vector_const_iterator@VCHEATCODE@@V?$allocator@VCHEATCODE@@@std@@@2@@Z 004fa780 f i CheatDlg.obj
 0002:0001f850       ?_Destroy@?$vector@VCHEATCODE@@V?$allocator@VCHEATCODE@@@std@@@std@@IAEXPAVCHEATCODE@@0@Z 004fa850 f i CheatDlg.obj
 0002:0001f8c0       ?_Insert_n@?$vector@VCHEATCODE@@V?$allocator@VCHEATCODE@@@std@@@std@@IAEXV?$_Vector_const_iterator@VCHEATCODE@@V?$allocator@VCHEATCODE@@@std@@@2@IABVCHEATCODE@@@Z 004fa8c0 f i CheatDlg.obj
 0002:0001fee0       ??0?$_Vector_iterator@VCHEATCODE@@V?$allocator@VCHEATCODE@@@std@@@std@@QAE@PAVCHEATCODE@@PBV_Container_base_secure@1@@Z 004faee0 f i CheatDlg.obj
 0002:0001ff40       ??H?$_Vector_iterator@VCHEATCODE@@V?$allocator@VCHEATCODE@@@std@@@std@@QBE?AV01@H@Z 004faf40 f i CheatDlg.obj
 0002:00020060       ??G?$_Vector_const_iterator@VCHEATCODE@@V?$allocator@VCHEATCODE@@@std@@@std@@QBEHABV01@@Z 004fb060 f i CheatDlg.obj
 0002:000200d0       ??9?$_Vector_const_iterator@VCHEATCODE@@V?$allocator@VCHEATCODE@@@std@@@std@@QBE_NABV01@@Z 004fb0d0 f i CheatDlg.obj
 0002:00020140       ??M?$_Vector_const_iterator@VCHEATCODE@@V?$allocator@VCHEATCODE@@@std@@@std@@QBE_NABV01@@Z 004fb140 f i CheatDlg.obj
 0002:000201b0       ??0?$_Vector_iterator@VCHEATCODE@@V?$allocator@VCHEATCODE@@@std@@@std@@QAE@ABV01@@Z 004fb1b0 f i CheatDlg.obj
 0002:00020210       ?max_size@?$vector@VCHEATCODE@@V?$allocator@VCHEATCODE@@@std@@@std@@QBEIXZ 004fb210 f i CheatDlg.obj
 0002:00020270       ?_Xlen@?$vector@VCHEATCODE@@V?$allocator@VCHEATCODE@@@std@@@std@@KAXXZ 004fb270 f i CheatDlg.obj
 0002:00020350       ??0length_error@std@@QAE@ABV?$basic_string@DU?$char_traits@D@std@@V?$allocator@D@2@@1@@Z 004fb350 f i CheatDlg.obj
 0002:000203c0       ??0logic_error@std@@QAE@ABV?$basic_string@DU?$char_traits@D@std@@V?$allocator@D@2@@1@@Z 004fb3c0 f i CheatDlg.obj
 0002:00020480       ?what@logic_error@std@@UBEPBDXZ 004fb480 f i CheatDlg.obj
 0002:000204e0       ??_Elogic_error@std@@UAEPAXI@Z 004fb4e0 f i CheatDlg.obj
 0002:000204e0       ??_Glogic_error@std@@UAEPAXI@Z 004fb4e0 f i CheatDlg.obj
 0002:00020550       ??1logic_error@std@@UAE@XZ 004fb550 f i CheatDlg.obj
 0002:000205c0       ??1length_error@std@@UAE@XZ 004fb5c0 f i CheatDlg.obj
 0002:00020620       ??_Glength_error@std@@UAEPAXI@Z 004fb620 f i CheatDlg.obj
 0002:00020620       ??_Elength_error@std@@UAEPAXI@Z 004fb620 f i CheatDlg.obj
 0002:00020690       ??0logic_error@std@@QAE@ABV01@@Z 004fb690 f i CheatDlg.obj
 0002:00020760       ?deallocate@?$allocator@VCHEATCODE@@@std@@QAEXPAVCHEATCODE@@I@Z 004fb760 f i CheatDlg.obj
 0002:000207c0       ?allocate@?$allocator@VCHEATCODE@@@std@@QAEPAVCHEATCODE@@I@Z 004fb7c0 f i CheatDlg.obj
 0002:00020820       ??Y?$_Vector_iterator@VCHEATCODE@@V?$allocator@VCHEATCODE@@@std@@@std@@QAEAAV01@H@Z 004fb820 f i CheatDlg.obj
 0002:00020880       ??0?$_Vector_const_iterator@VCHEATCODE@@V?$allocator@VCHEATCODE@@@std@@@std@@QAE@PAVCHEATCODE@@PBV_Container_base_secure@1@@Z 004fb880 f i CheatDlg.obj
 0002:000209b0       ??8?$_Vector_const_iterator@VCHEATCODE@@V?$allocator@VCHEATCODE@@@std@@@std@@QBE_NABV01@@Z 004fb9b0 f i CheatDlg.obj
 0002:00020a20       ?_Compat@?$_Vector_const_iterator@VCHEATCODE@@V?$allocator@VCHEATCODE@@@std@@@std@@QBEXABV12@@Z 004fba20 f i CheatDlg.obj
 0002:00020af0       ??0length_error@std@@QAE@ABV01@@Z 004fbaf0 f i CheatDlg.obj
 0002:00020b60       ??0?$_Ranit@VCHEATCODE@@HPBV1@ABV1@@std@@QAE@XZ 004fbb60 f i CheatDlg.obj
 0002:00020bc0       ??0?$_Iterator_with_base@Urandom_access_iterator_tag@std@@VCHEATCODE@@HPBV3@ABV3@V_Iterator_base@2@@std@@QAE@XZ 004fbbc0 f i CheatDlg.obj
 0002:00020c20       ??0_Iterator_base@std@@QAE@XZ 004fbc20 f i CheatDlg.obj
 0002:00020c70       ?max_size@?$allocator@VCHEATCODE@@@std@@QBEIXZ 004fbc70 f i CheatDlg.obj
 0002:00020ce0       ??Y?$_Vector_const_iterator@VCHEATCODE@@V?$allocator@VCHEATCODE@@@std@@@std@@QAEAAV01@H@Z 004fbce0 f i CheatDlg.obj
 0002:00020e50       ?_Getmycont@_Iterator_base@std@@QBEPBV_Container_base_secure@2@XZ 004fbe50 f i CheatDlg.obj
 0002:00020e90       ?_Has_container@_Iterator_base@std@@QBE_NXZ 004fbe90 f i CheatDlg.obj
 0002:00020ee0       ??$unchecked_copy@PAVCHEATCODE@@PAV1@@stdext@@YAPAVCHEATCODE@@PAV1@00@Z 004fbee0 f i CheatDlg.obj
 0002:00020fb0       ??$unchecked_uninitialized_fill_n@PAVCHEATCODE@@IV1@V?$allocator@VCHEATCODE@@@std@@@stdext@@YAXPAVCHEATCODE@@IABV1@AAV?$allocator@VCHEATCODE@@@std@@@Z 004fbfb0 f i CheatDlg.obj
 0002:00021050       ??$_Destroy_range@V?$allocator@VCHEATCODE@@@std@@@std@@YAXPAVCHEATCODE@@0AAV?$allocator@VCHEATCODE@@@0@@Z 004fc050 f i CheatDlg.obj
 0002:000210d0       ??$_Umove@PAVCHEATCODE@@@?$vector@VCHEATCODE@@V?$allocator@VCHEATCODE@@@std@@@std@@IAEPAVCHEATCODE@@PAV2@00@Z 004fc0d0 f i CheatDlg.obj
 0002:00021140       ??$fill@PAVCHEATCODE@@V1@@std@@YAXPAVCHEATCODE@@0ABV1@@Z 004fc140 f i CheatDlg.obj
 0002:000211b0       ??$_Unchecked_move_backward@PAVCHEATCODE@@PAV1@@stdext@@YAPAVCHEATCODE@@PAV1@00@Z 004fc1b0 f i CheatDlg.obj
 0002:00021280       ??$_Allocate@VCHEATCODE@@@std@@YAPAVCHEATCODE@@IPAV1@@Z 004fc280 f i CheatDlg.obj
 0002:00021320       ??$_Checked_base@PAVCHEATCODE@@@std@@YAPAVCHEATCODE@@AAPAV1@@Z 004fc320 f i CheatDlg.obj
 0002:000213b0       ??$_Iter_random@PAVCHEATCODE@@PAV1@@std@@YA?AUrandom_access_iterator_tag@0@ABQAVCHEATCODE@@0@Z 004fc3b0 f i CheatDlg.obj
 0002:00021420       ??$_Ptr_cat@PAVCHEATCODE@@PAV1@@std@@YA?AU_Nonscalar_ptr_iterator_tag@0@AAPAVCHEATCODE@@0@Z 004fc420 f i CheatDlg.obj
 0002:00021490       ??$_Copy_opt@PAVCHEATCODE@@PAV1@@std@@YAPAVCHEATCODE@@PAV1@00Urandom_access_iterator_tag@0@U_Nonscalar_ptr_iterator_tag@0@U_Range_checked_iterator_tag@0@@Z 004fc490 f i CheatDlg.obj
 0002:00021550       ??$_Uninit_fill_n@PAVCHEATCODE@@IV1@V?$allocator@VCHEATCODE@@@std@@@std@@YAXPAVCHEATCODE@@IABV1@AAV?$allocator@VCHEATCODE@@@0@U_Nonscalar_ptr_iterator_tag@0@U_Range_checked_iterator_tag@0@@Z 004fc550 f i CheatDlg.obj
 0002:00021660       ??$_Destroy_range@V?$allocator@VCHEATCODE@@@std@@@std@@YAXPAVCHEATCODE@@0AAV?$allocator@VCHEATCODE@@@0@U_Nonscalar_ptr_iterator_tag@0@@Z 004fc660 f i CheatDlg.obj
 0002:000216d0       ??$_Unchecked_uninitialized_move@PAVCHEATCODE@@PAV1@V?$allocator@VCHEATCODE@@@std@@@stdext@@YAPAVCHEATCODE@@PAV1@00AAV?$allocator@VCHEATCODE@@@std@@@Z 004fc6d0 f i CheatDlg.obj
 0002:00021780       ??$_Fill@PAVCHEATCODE@@V1@@std@@YAXPAVCHEATCODE@@0ABV1@@Z 004fc780 f i CheatDlg.obj
 0002:00021810       ??$_Move_cat@PAVCHEATCODE@@@std@@YA?AU_Undefined_move_tag@0@ABQAVCHEATCODE@@@Z 004fc810 f i CheatDlg.obj
 0002:00021880       ??$_Move_backward_opt@PAVCHEATCODE@@PAV1@Urandom_access_iterator_tag@std@@U_Undefined_move_tag@3@@std@@YAPAVCHEATCODE@@PAV1@00Urandom_access_iterator_tag@0@U_Undefined_move_tag@0@U_Range_checked_iterator_tag@0@@Z 004fc880 f i CheatDlg.obj
 0002:00021920       ??4CHEATCODE@@QAEAAV0@ABV0@@Z 004fc920 f i CheatDlg.obj
 0002:000219d0       ?construct@?$allocator@VCHEATCODE@@@std@@QAEXPAVCHEATCODE@@ABV3@@Z 004fc9d0 f i CheatDlg.obj
 0002:00021a30       ?destroy@?$allocator@VCHEATCODE@@@std@@QAEXPAVCHEATCODE@@@Z 004fca30 f i CheatDlg.obj
 0002:00021a90       ??$_Checked_base@PAVCHEATCODE@@@std@@YAPAVCHEATCODE@@AAPAV1@U_Unchanged_checked_iterator_base_type_tag@0@@Z 004fca90 f i CheatDlg.obj
 0002:00021ad0       ??$_Copy_opt@PAVCHEATCODE@@PAV1@Uforward_iterator_tag@std@@@std@@YAPAVCHEATCODE@@PAV1@00Uforward_iterator_tag@0@U_Nonscalar_ptr_iterator_tag@0@U_Range_checked_iterator_tag@0@@Z 004fcad0 f i CheatDlg.obj
 0002:00021b70       ??$_Uninit_move@PAVCHEATCODE@@PAV1@V?$allocator@VCHEATCODE@@@std@@U_Undefined_move_tag@3@@std@@YAPAVCHEATCODE@@PAV1@00AAV?$allocator@VCHEATCODE@@@0@U_Undefined_move_tag@0@U_Range_checked_iterator_tag@0@@Z 004fcb70 f i CheatDlg.obj
 0002:00021bd0       ??$_Debug_range@PAVCHEATCODE@@@std@@YAXPAVCHEATCODE@@0PB_WI@Z 004fcbd0 f i CheatDlg.obj
 0002:00021c50       ??$_Copy_backward_opt@PAVCHEATCODE@@PAV1@@std@@YAPAVCHEATCODE@@PAV1@00Urandom_access_iterator_tag@0@U_Nonscalar_ptr_iterator_tag@0@U_Range_checked_iterator_tag@0@@Z 004fcc50 f i CheatDlg.obj
 0002:00021d10       ??$_Construct@VCHEATCODE@@V1@@std@@YAXPAVCHEATCODE@@ABV1@@Z 004fcd10 f i CheatDlg.obj
 0002:00021e00       ??2@YAPAXIPAX@Z            004fce00 f i CheatDlg.obj
 0002:00021e40       ??3@YAXPAX0@Z              004fce40 f i CheatDlg.obj
 0002:00021e70       ??$_Destroy@VCHEATCODE@@@std@@YAXPAVCHEATCODE@@@Z 004fce70 f i CheatDlg.obj
 0002:00021ec0       ??_GCHEATCODE@@QAEPAXI@Z   004fcec0 f i CheatDlg.obj
 0002:00021f30       ??$unchecked_uninitialized_copy@PAVCHEATCODE@@PAV1@V?$allocator@VCHEATCODE@@@std@@@stdext@@YAPAVCHEATCODE@@PAV1@00AAV?$allocator@VCHEATCODE@@@std@@@Z 004fcf30 f i CheatDlg.obj
 0002:00021fe0       ??$_Iter_cat@PAVCHEATCODE@@@std@@YA?AUrandom_access_iterator_tag@0@ABQAVCHEATCODE@@@Z 004fcfe0 f i CheatDlg.obj
 0002:00022050       ??$_Debug_range2@PAVCHEATCODE@@@std@@YAXPAVCHEATCODE@@0PB_WIUrandom_access_iterator_tag@0@@Z 004fd050 f i CheatDlg.obj
 0002:000220f0       ??$_Copy_backward_opt@PAVCHEATCODE@@PAV1@Uforward_iterator_tag@std@@@std@@YAPAVCHEATCODE@@PAV1@00Uforward_iterator_tag@0@U_Nonscalar_ptr_iterator_tag@0@U_Range_checked_iterator_tag@0@@Z 004fd0f0 f i CheatDlg.obj
 0002:00022190       ??$_Uninit_copy@PAVCHEATCODE@@PAV1@V?$allocator@VCHEATCODE@@@std@@@std@@YAPAVCHEATCODE@@PAV1@00AAV?$allocator@VCHEATCODE@@@0@U_Nonscalar_ptr_iterator_tag@0@U_Range_checked_iterator_tag@0@@Z 004fd190 f i CheatDlg.obj
 0002:000222e0       ??$_Debug_pointer@VCHEATCODE@@@std@@YAXPAVCHEATCODE@@PB_WI@Z 004fd2e0 f i CheatDlg.obj
 0002:00022340       ?AddRef@COM@@SAJXZ         004fd340 f   Com.obj
 0002:000223f0       ?Release@COM@@SAXXZ        004fd3f0 f   Com.obj
 0002:00022490       ?Load@CConfig@@QAEXXZ      004fd490 f   Config.obj
 0002:00024b10       ?Save@CConfig@@QAEXXZ      004ffb10 f   Config.obj
 0002:00025f90       ?ButtonCheck@CConfig@@QAEHHH@Z 00500f90 f   Config.obj
 0002:000260f0       ?ExButtonCheck@CConfig@@QAEHHH@Z 005010f0 f   Config.obj
 0002:000261b0       ?NsfButtonCheck@CConfig@@QAEHH@Z 005011b0 f   Config.obj
 0002:00026250       ?ButtonCheck@CConfig@@QAEHHPAG@Z 00501250 f   Config.obj
 0002:000262f0       ?ShortcutToKeyName@CConfig@@QAE?AV?$basic_string@DU?$char_traits@D@std@@V?$allocator@D@2@@std@@H@Z 005012f0 f   Config.obj
 0002:000265e0       ?Load@CGameOption@@QAEXK@Z 005015e0 f   Config.obj
 0002:00026760       ?Save@CGameOption@@QAEXPBDK@Z 00501760 f   Config.obj
 0002:000268e0       ?Load@CGameOption@@QAEXKK@Z 005018e0 f   Config.obj
 0002:00026a40       ?Save@CGameOption@@QAEXPBDKK@Z 00501a40 f   Config.obj
 0002:00026ba0       ??0CConfig@@QAE@XZ         00501ba0 f i Config.obj
 0002:00026c10       ?Default@CConfig@@QAEXXZ   00501c10 f i Config.obj
 0002:00026d20       ?Default@CCfgGeneral@@QAEXXZ 00501d20 f i Config.obj
 0002:00026fa0       ?Default@CCfgPath@@QAEXXZ  00501fa0 f i Config.obj
 0002:00027170       ?Default@CCfgEmulator@@QAEXXZ 00502170 f i Config.obj
 0002:00027240       ?Default@CCfgGraphics@@QAEXXZ 00502240 f i Config.obj
 0002:000273a0       ?Default@CCfgSound@@QAEXXZ 005023a0 f i Config.obj
 0002:00027470       ?Default@CCfgShortCut@@QAEXXZ 00502470 f i Config.obj
 0002:00027b60       ?Default@CCfgLanguage@@QAEXXZ 00502b60 f i Config.obj
 0002:00027bb0       ?Default@CCfgController@@QAEXXZ 00502bb0 f i Config.obj
 0002:00027c60       ?DefaultController1@CCfgController@@QAEXXZ 00502c60 f i Config.obj
 0002:00027d70       ?DefaultController2@CCfgController@@QAEXXZ 00502d70 f i Config.obj
 0002:00027ec0       ?DefaultController3@CCfgController@@QAEXXZ 00502ec0 f i Config.obj
 0002:00027f50       ?DefaultController4@CCfgController@@QAEXXZ 00502f50 f i Config.obj
 0002:00027fe0       ?DefaultExController0@CCfgController@@QAEXXZ 00502fe0 f i Config.obj
 0002:00028050       ?DefaultExController1@CCfgController@@QAEXXZ 00503050 f i Config.obj
 0002:000280c0       ?DefaultExController2@CCfgController@@QAEXXZ 005030c0 f i Config.obj
 0002:00028130       ?DefaultExController3@CCfgController@@QAEXXZ 00503130 f i Config.obj
 0002:000281a0       ?DefaultNsfController@CCfgController@@QAEXXZ 005031a0 f i Config.obj
 0002:00028280       ?DefaultVSUnisystem@CCfgController@@QAEXXZ 00503280 f i Config.obj
 0002:00028300       ?Default@CCfgMovie@@QAEXXZ 00503300 f i Config.obj
 0002:000283a0       ?Default@CCfgLauncher@@QAEXXZ 005033a0 f i Config.obj
 0002:000284f0       ?Default@CCfgExtraSound@@QAEXXZ 005034f0 f i Config.obj
 0002:00028560       ?Default@CCfgNetPlay@@QAEXXZ 00503560 f i Config.obj
 0002:000286b0       ?DispatchDlg@CControllerPageDlg@@MAEHPAUHWND__@@IIJ@Z 005036b0 f   ControllerDlg.obj
 0002:00028820       ?Create@CControllerPageDlg@@QAEHIPAUHWND__@@@Z 00503820 f   ControllerDlg.obj
 0002:000288c0       ?Destroy@CControllerPageDlg@@UAEXXZ 005038c0 f   ControllerDlg.obj
 0002:00028920       ?OnClicked@CControllerPageDlg@@IAEXPAUHWND__@@I@Z 00503920 f   ControllerDlg.obj
 0002:000289f0       ?OnInitDialog@CControllerPageDlg@@IAEHPAUHWND__@@IJAAH@Z 005039f0 f   ControllerDlg.obj
 0002:00028a30       ?DispatchDlg@CControllerDlg@@MAEHPAUHWND__@@IIJ@Z 00503a30 f   ControllerDlg.obj
 0002:00028d90       ?DoModal@CControllerDlg@@UAEHPAUHWND__@@@Z 00503d90 f   ControllerDlg.obj
 0002:00028e30       ?PreTranslateMessage@CControllerDlg@@UAEHPAUtagMSG@@@Z 00503e30 f   ControllerDlg.obj
 0002:00028ea0       ?OnInitialMember@CControllerDlg@@IAEXXZ 00503ea0 f   ControllerDlg.obj
 0002:00029650       ?OnPageSetup@CControllerDlg@@IAEXI@Z 00504650 f   ControllerDlg.obj
 0002:000299f0       ?OnInitDialog@CControllerDlg@@IAEHPAUHWND__@@IJAAH@Z 005049f0 f   ControllerDlg.obj
 0002:00029a70       ?OnDestroy@CControllerDlg@@IAEHPAUHWND__@@IJAAH@Z 00504a70 f   ControllerDlg.obj
 0002:00029b10       ?OnSelectChange@CControllerDlg@@IAEXPAUHWND__@@IPAUtagNMHDR@@AAJ@Z 00504b10 f   ControllerDlg.obj
 0002:00029ca0       ?OnSettingSelectChange@CControllerDlg@@IAEXPAUHWND__@@I@Z 00504ca0 f   ControllerDlg.obj
 0002:00029d90       ?OnClicked@CControllerDlg@@IAEXPAUHWND__@@I@Z 00504d90 f   ControllerDlg.obj
 0002:00029e40       ?OnTimer@CControllerDlg@@IAEHPAUHWND__@@IJAAH@Z 00504e40 f   ControllerDlg.obj
 0002:0002a500       ?OnOK@CControllerDlg@@IAEXPAUHWND__@@I@Z 00505500 f   ControllerDlg.obj
 0002:0002a670       ?OnCancel@CControllerDlg@@IAEXPAUHWND__@@I@Z 00505670 f   ControllerDlg.obj
 0002:0002a750       ?OnDefault@CControllerDlg@@IAEXPAUHWND__@@I@Z 00505750 f   ControllerDlg.obj
 0002:0002a920       ?Crc@CRC@@SAKHPAE@Z        00505920 f   Crclib.obj
 0002:0002a9d0       ?CrcRev@CRC@@SAKHPAE@Z     005059d0 f   Crclib.obj
 0002:0002aa80       ?MakeTable@CRC@@KAXXZ      00505a80 f   Crclib.obj
 0002:0002ab40       ?MakeTableRev@CRC@@KAXXZ   00505b40 f   Crclib.obj
 0002:0002ac00       ?DispatchDlg@CDatachBarcodeDlg@@MAEHPAUHWND__@@IIJ@Z 00505c00 f   DatachBarcodeDlg.obj
 0002:0002aee0       ?Create@CDatachBarcodeDlg@@UAEHPAUHWND__@@@Z 00505ee0 f   DatachBarcodeDlg.obj
 0002:0002af90       ?Destroy@CDatachBarcodeDlg@@UAEXXZ 00505f90 f   DatachBarcodeDlg.obj
 0002:0002b040       ?OnInitDialog@CDatachBarcodeDlg@@IAEHPAUHWND__@@IJAAH@Z 00506040 f   DatachBarcodeDlg.obj
 0002:0002b1d0       ?OnActivate@CDatachBarcodeDlg@@IAEHPAUHWND__@@IJAAH@Z 005061d0 f   DatachBarcodeDlg.obj
 0002:0002b2c0       ?OnDestroy@CDatachBarcodeDlg@@IAEHPAUHWND__@@IJAAH@Z 005062c0 f   DatachBarcodeDlg.obj
 0002:0002b300       ?OnClose@CDatachBarcodeDlg@@IAEHPAUHWND__@@IJAAH@Z 00506300 f   DatachBarcodeDlg.obj
 0002:0002b390       ?OnCancel@CDatachBarcodeDlg@@IAEXPAUHWND__@@I@Z 00506390 f   DatachBarcodeDlg.obj
 0002:0002b410       ?OnCodeinput@CDatachBarcodeDlg@@IAEXPAUHWND__@@I@Z 00506410 f   DatachBarcodeDlg.obj
 0002:0002b510       ?OnCodeTransfer@CDatachBarcodeDlg@@IAEXPAUHWND__@@I@Z 00506510 f   DatachBarcodeDlg.obj
 0002:0002b620       ?OnCodeCreate@CDatachBarcodeDlg@@IAEXPAUHWND__@@I@Z 00506620 f   DatachBarcodeDlg.obj
 0002:0002b790       ??0CDebugOut@@QAE@XZ       00506790 f   DebugOut.obj
 0002:0002b820       ?Clear@CDebugOut@@QAEXXZ   00506820 f   DebugOut.obj
 0002:0002b8c0       ?Out@CDebugOut@@QAAXPADZZ  005068c0 f   DebugOut.obj
 0002:0002ba60       ?Out@CDebugOut@@QAEXABV?$basic_string@DU?$char_traits@D@std@@V?$allocator@D@2@@std@@@Z 00506a60 f   DebugOut.obj
 0002:0002bad0       ?DispatchDlg@CDipSwitchDlg@@MAEHPAUHWND__@@IIJ@Z 00506ad0 f   DipSwitchDlg.obj
 0002:0002bc50       ?DoModal@CDipSwitchDlg@@UAEHPAUHWND__@@@Z 00506c50 f   DipSwitchDlg.obj
 0002:0002bcd0       ?OnInitDialog@CDipSwitchDlg@@IAEHPAUHWND__@@IJAAH@Z 00506cd0 f   DipSwitchDlg.obj
 0002:0002c050       ?GetVSDipSwitch@NES@@QAEEXZ 00507050 f i DipSwitchDlg.obj
 0002:0002c090       ?GetVSDipSwitchTable@NES@@QAEPAUVSDIPSWITCH@@XZ 00507090 f i DipSwitchDlg.obj
 0002:0002c0d0       ?OnOK@CDipSwitchDlg@@IAEXPAUHWND__@@I@Z 005070d0 f   DipSwitchDlg.obj
 0002:0002c220       ?SetVSDipSwitch@NES@@QAEXE@Z 00507220 f i DipSwitchDlg.obj
 0002:0002c270       ?OnCancel@CDipSwitchDlg@@IAEXPAUHWND__@@I@Z 00507270 f   DipSwitchDlg.obj
 0002:0002c2e0       ??0CDirectDraw@@QAE@XZ     005072e0 f   DirectDraw.obj
 0002:0002c7f0       ??_GCDirectDraw@@UAEPAXI@Z 005077f0 f i DirectDraw.obj
 0002:0002c7f0       ??_ECDirectDraw@@UAEPAXI@Z 005077f0 f i DirectDraw.obj
 0002:0002c860       ??1CDirectDraw@@UAE@XZ     00507860 f   DirectDraw.obj
 0002:0002c920       ?EnumModesCallback@CDirectDraw@@KGJPAU_DDSURFACEDESC2@@PAX@Z 00507920 f   DirectDraw.obj
 0002:0002ca70       ?InitialDDraw@CDirectDraw@@QAEHPAUHWND__@@@Z 00507a70 f   DirectDraw.obj
 0002:0002d010       ?ReleaseDDraw@CDirectDraw@@QAEXXZ 00508010 f   DirectDraw.obj
 0002:0002d130       ?InitialSurface@CDirectDraw@@QAEHH@Z 00508130 f   DirectDraw.obj
 0002:0002e660       ?ReleaseSurface@CDirectDraw@@QAEHXZ 00509660 f   DirectDraw.obj
 0002:0002e9f0       ?RestoreSurfaceSub@CDirectDraw@@IAEHPAUIDirectDrawSurface7@@@Z 005099f0 f   DirectDraw.obj
 0002:0002ea90       ?RestoreSurface@CDirectDraw@@QAEHXZ 00509a90 f   DirectDraw.obj
 0002:0002ec80       ?BeginDisplayChange@CDirectDraw@@QAEHXZ 00509c80 f   DirectDraw.obj
 0002:0002ed80       ?EndDisplayChange@CDirectDraw@@QAEHXZ 00509d80 f   DirectDraw.obj
 0002:0002ee50       ?OnChangeDisplayMode@CDirectDraw@@QAEHXZ 00509e50 f   DirectDraw.obj
 0002:0002f000       ?SetDisplayMode@CDirectDraw@@QAEXKKKK@Z 0050a000 f   DirectDraw.obj
 0002:0002f080       ?GetDisplayMode@CDirectDraw@@QAEXAAK000@Z 0050a080 f   DirectDraw.obj
 0002:0002f100       ?GetDisplayMode@CDirectDraw@@QAEHHAAK000@Z 0050a100 f   DirectDraw.obj
 0002:0002f1f0       ?GetMatchDisplayMode@CDirectDraw@@QAEHKKKK@Z 0050a1f0 f   DirectDraw.obj
 0002:0002f300       ?IsNowDisplayMode@CDirectDraw@@QAEHKKKK@Z 0050a300 f   DirectDraw.obj
 0002:0002f390       ?GetBitMask@CDirectDraw@@IAEXKAAH0@Z 0050a390 f   DirectDraw.obj
 0002:0002f460       ?CalcPaletteTable@CDirectDraw@@QAEHXZ 0050a460 f   DirectDraw.obj
 0002:00030990       ?SetPaletteTable@CDirectDraw@@QAEXPAE@Z 0050b990 f   DirectDraw.obj
 0002:00030a40       ?SetPaletteTable@CDirectDraw@@QAEXPAUtagRGBQUAD@@@Z 0050ba40 f   DirectDraw.obj
 0002:00030b30       ?GetPaletteTable@CDirectDraw@@QAEXPAUtagRGBQUAD@@@Z 0050bb30 f   DirectDraw.obj
 0002:00030c00       ?SetPaletteFile@CDirectDraw@@QAEXPBD@Z 0050bc00 f   DirectDraw.obj
 0002:00030d60       ?SetFullScreenGDI@CDirectDraw@@QAEHH@Z 0050bd60 f   DirectDraw.obj
 0002:00031010       ?RealizePalette@CDirectDraw@@QAEXXZ 0050c010 f   DirectDraw.obj
 0002:000311d0       ?OnScreenDraw@CDirectDraw@@QAEXXZ 0050c1d0 f   DirectDraw.obj
 0002:00031260       ?SetPaletteMode@CDirectDraw@@QAEXHH@Z 0050c260 f   DirectDraw.obj
 0002:000312f0       ?GetPaletteData@CDirectDraw@@QAEXPAUtagRGBQUAD@@@Z 0050c2f0 f   DirectDraw.obj
 0002:00031440       ?GetPaletteData2@CDirectDraw@@QAEXPAUtagRGBQUAD@@@Z 0050c440 f   DirectDraw.obj
 0002:00031520       ?Blt@CDirectDraw@@QAEXXZ   0050c520 f   DirectDraw.obj
 0002:000326b0       ?IsMMX@CDirectDraw@@QAEHXZ 0050d6b0 f i DirectDraw.obj
 0002:000326f0       ?Flip@CDirectDraw@@QAEXXZ  0050d6f0 f   DirectDraw.obj
 0002:000330b0       ?GetZapperHit@CDirectDraw@@QAEEXZ 0050e0b0 f   DirectDraw.obj
 0002:00033270       ?GetZapperPos@CDirectDraw@@QAEXAAJ0@Z 0050e270 f   DirectDraw.obj
 0002:00033860       ?SetZapperPos@CDirectDraw@@QAEXJJ@Z 0050e860 f   DirectDraw.obj
 0002:000338c0       ?SetInfoString@CDirectDraw@@QAEXPBD@Z 0050e8c0 f   DirectDraw.obj
 0002:00033980       ?SetMessageString@CDirectDraw@@QAEXPBD@Z 0050e980 f   DirectDraw.obj
 0002:00033a80       ?RenderString@CDirectDraw@@IAEXHHPBD@Z 0050ea80 f   DirectDraw.obj
 0002:00033d10       ?SetLZSSChar@CDirectDraw@@IAEXPAEPAUIDirectDrawSurface7@@@Z 0050ed10 f   DirectDraw.obj
 0002:000342e0       ?GetPixel@CDirectDraw@@QAEEHH@Z 0050f2e0 f   DirectDraw.obj
 0002:00034370       ?Render16bpp@CDirectDraw@@IAEXPAE0@Z 0050f370 f   DirectDraw.obj
 0002:00034510       ?Render16bppPrefilter@CDirectDraw@@IAEXPAE0@Z 0050f510 f   DirectDraw.obj
 0002:000346b0       ?Render32bpp@CDirectDraw@@IAEXPAE0@Z 0050f6b0 f   DirectDraw.obj
 0002:00034850       ?Render8bpp_Normal@CDirectDraw@@IAEXPAE0AAU_DDSURFACEDESC2@@H@Z 0050f850 f   DirectDraw.obj
 0002:00034930       ?Render8bpp_Scanline@CDirectDraw@@IAEXPAE0AAU_DDSURFACEDESC2@@H@Z 0050f930 f   DirectDraw.obj
 0002:00034a50       ?Render8bpp_Double@CDirectDraw@@IAEXPAE0AAU_DDSURFACEDESC2@@H@Z 0050fa50 f   DirectDraw.obj
 0002:00034d10       ?Render8bpp_DoubleScanline@CDirectDraw@@IAEXPAE0AAU_DDSURFACEDESC2@@H@Z 0050fd10 f   DirectDraw.obj
 0002:00034fe0       ?Render16bpp_Normal@CDirectDraw@@IAEXPAE0AAU_DDSURFACEDESC2@@H@Z 0050ffe0 f   DirectDraw.obj
 0002:00035300       ?Render16bpp_Scanline@CDirectDraw@@IAEXPAE0AAU_DDSURFACEDESC2@@H@Z 00510300 f   DirectDraw.obj
 0002:000357d0       ?Render16bpp_Double@CDirectDraw@@IAEXPAE0AAU_DDSURFACEDESC2@@H@Z 005107d0 f   DirectDraw.obj
 0002:00035d00       ?Render16bpp_DoubleScanline@CDirectDraw@@IAEXPAE0AAU_DDSURFACEDESC2@@H@Z 00510d00 f   DirectDraw.obj
 0002:00036280       ?Render24bpp_Normal@CDirectDraw@@IAEXPAE0AAU_DDSURFACEDESC2@@H@Z 00511280 f   DirectDraw.obj
 0002:000365b0       ?Render24bpp_Scanline@CDirectDraw@@IAEXPAE0AAU_DDSURFACEDESC2@@H@Z 005115b0 f   DirectDraw.obj
 0002:00036ab0       ?Render24bpp_Double@CDirectDraw@@IAEXPAE0AAU_DDSURFACEDESC2@@H@Z 00511ab0 f   DirectDraw.obj
 0002:00036fd0       ?Render24bpp_DoubleScanline@CDirectDraw@@IAEXPAE0AAU_DDSURFACEDESC2@@H@Z 00511fd0 f   DirectDraw.obj
 0002:00037540       ?Render32bpp_Normal@CDirectDraw@@IAEXPAE0AAU_DDSURFACEDESC2@@H@Z 00512540 f   DirectDraw.obj
 0002:00037840       ?Render32bpp_Scanline@CDirectDraw@@IAEXPAE0AAU_DDSURFACEDESC2@@H@Z 00512840 f   DirectDraw.obj
 0002:00037cf0       ?Render32bpp_Double@CDirectDraw@@IAEXPAE0AAU_DDSURFACEDESC2@@H@Z 00512cf0 f   DirectDraw.obj
 0002:000381d0       ?Render32bpp_DoubleScanline@CDirectDraw@@IAEXPAE0AAU_DDSURFACEDESC2@@H@Z 005131d0 f   DirectDraw.obj
 0002:00038700       ?nx_2xSaI_16bpp@CDirectDraw@@IAEXPAE0AAU_DDSURFACEDESC2@@H@Z 00513700 f   DirectDraw.obj
 0002:00039050       ?nx_2xSaI_32bpp@CDirectDraw@@IAEXPAE0AAU_DDSURFACEDESC2@@H@Z 00514050 f   DirectDraw.obj
 0002:00039b60       ?nx_Super2xSaI_16bpp@CDirectDraw@@IAEXPAE0AAU_DDSURFACEDESC2@@H@Z 00514b60 f   DirectDraw.obj
 0002:0003a5a0       ?nx_Super2xSaI_32bpp@CDirectDraw@@IAEXPAE0AAU_DDSURFACEDESC2@@H@Z 005155a0 f   DirectDraw.obj
 0002:0003b190       ?nx_SuperEagle_16bpp@CDirectDraw@@IAEXPAE0AAU_DDSURFACEDESC2@@H@Z 00516190 f   DirectDraw.obj
 0002:0003bab0       ?nx_SuperEagle_32bpp@CDirectDraw@@IAEXPAE0AAU_DDSURFACEDESC2@@H@Z 00516ab0 f   DirectDraw.obj
 0002:0003c580       ?nx_Scale2x_16bpp@CDirectDraw@@IAEXPAE0AAU_DDSURFACEDESC2@@H@Z 00517580 f   DirectDraw.obj
 0002:0003caa0       ?nx_Scale2x_32bpp@CDirectDraw@@IAEXPAE0AAU_DDSURFACEDESC2@@H@Z 00517aa0 f   DirectDraw.obj
 0002:0003cfd0       ?nx_hq2x_16bpp@CDirectDraw@@IAEXPAE0AAU_DDSURFACEDESC2@@H@Z 00517fd0 f   DirectDraw.obj
 0002:00045340       ?nx_hq2x_32bpp@CDirectDraw@@IAEXPAE0AAU_DDSURFACEDESC2@@H@Z 00520340 f   DirectDraw.obj
 0002:0004c710       ?nx_lq2x_16bpp@CDirectDraw@@IAEXPAE0AAU_DDSURFACEDESC2@@H@Z 00527710 f   DirectDraw.obj
 0002:0004ff60       ?nx_lq2x_32bpp@CDirectDraw@@IAEXPAE0AAU_DDSURFACEDESC2@@H@Z 0052af60 f   DirectDraw.obj
 0002:00052eb0       ??0?$vector@UtagDISPLAYMODE@CDirectDraw@@V?$allocator@UtagDISPLAYMODE@CDirectDraw@@@std@@@std@@QAE@XZ 0052deb0 f i DirectDraw.obj
 0002:00052f70       ??1?$vector@UtagDISPLAYMODE@CDirectDraw@@V?$allocator@UtagDISPLAYMODE@CDirectDraw@@@std@@@std@@QAE@XZ 0052df70 f i DirectDraw.obj
 0002:00053010       ?size@?$vector@UtagDISPLAYMODE@CDirectDraw@@V?$allocator@UtagDISPLAYMODE@CDirectDraw@@@std@@@std@@QBEIXZ 0052e010 f i DirectDraw.obj
 0002:00053060       ??A?$vector@UtagDISPLAYMODE@CDirectDraw@@V?$allocator@UtagDISPLAYMODE@CDirectDraw@@@std@@@std@@QAEAAUtagDISPLAYMODE@CDirectDraw@@I@Z 0052e060 f i DirectDraw.obj
 0002:000531a0       ?push_back@?$vector@UtagDISPLAYMODE@CDirectDraw@@V?$allocator@UtagDISPLAYMODE@CDirectDraw@@@std@@@std@@QAEXABUtagDISPLAYMODE@CDirectDraw@@@Z 0052e1a0 f i DirectDraw.obj
 0002:00053310       ??1?$_Vector_val@UtagDISPLAYMODE@CDirectDraw@@V?$allocator@UtagDISPLAYMODE@CDirectDraw@@@std@@@std@@QAE@XZ 0052e310 f i DirectDraw.obj
 0002:00053360       ??1?$_Vector_iterator@UtagDISPLAYMODE@CDirectDraw@@V?$allocator@UtagDISPLAYMODE@CDirectDraw@@@std@@@std@@QAE@XZ 0052e360 f i DirectDraw.obj
 0002:000533b0       ??0?$_Vector_const_iterator@UtagDISPLAYMODE@CDirectDraw@@V?$allocator@UtagDISPLAYMODE@CDirectDraw@@@std@@@std@@QAE@ABV01@@Z 0052e3b0 f i DirectDraw.obj
 0002:00053420       ??1?$_Vector_const_iterator@UtagDISPLAYMODE@CDirectDraw@@V?$allocator@UtagDISPLAYMODE@CDirectDraw@@@std@@@std@@QAE@XZ 0052e420 f i DirectDraw.obj
 0002:00053470       ??0?$_Ranit@UtagDISPLAYMODE@CDirectDraw@@HPBU12@ABU12@@std@@QAE@ABU01@@Z 0052e470 f i DirectDraw.obj
 0002:000534d0       ??1?$_Ranit@UtagDISPLAYMODE@CDirectDraw@@HPBU12@ABU12@@std@@QAE@XZ 0052e4d0 f i DirectDraw.obj
 0002:00053520       ??0?$_Iterator_with_base@Urandom_access_iterator_tag@std@@UtagDISPLAYMODE@CDirectDraw@@HPBU34@ABU34@V_Iterator_base@2@@std@@QAE@ABU01@@Z 0052e520 f i DirectDraw.obj
 0002:00053580       ??1?$_Iterator_with_base@Urandom_access_iterator_tag@std@@UtagDISPLAYMODE@CDirectDraw@@HPBU34@ABU34@V_Iterator_base@2@@std@@QAE@XZ 0052e580 f i DirectDraw.obj
 0002:000535d0       ?capacity@?$vector@UtagDISPLAYMODE@CDirectDraw@@V?$allocator@UtagDISPLAYMODE@CDirectDraw@@@std@@@std@@QBEIXZ 0052e5d0 f i DirectDraw.obj
 0002:00053640       ?end@?$vector@UtagDISPLAYMODE@CDirectDraw@@V?$allocator@UtagDISPLAYMODE@CDirectDraw@@@std@@@std@@QAE?AV?$_Vector_iterator@UtagDISPLAYMODE@CDirectDraw@@V?$allocator@UtagDISPLAYMODE@CDirectDraw@@@std@@@2@XZ 0052e640 f i DirectDraw.obj
 0002:000536d0       ?insert@?$vector@UtagDISPLAYMODE@CDirectDraw@@V?$allocator@UtagDISPLAYMODE@CDirectDraw@@@std@@@std@@QAE?AV?$_Vector_iterator@UtagDISPLAYMODE@CDirectDraw@@V?$allocator@UtagDISPLAYMODE@CDirectDraw@@@std@@@2@V?$_Vector_const_iterator@UtagDISPLAYMODE@CDirectDraw@@V?$allocator@UtagDISPLAYMODE@CDirectDraw@@@std@@@2@ABUtagDISPLAYMODE@CDirectDraw@@@Z 0052e6d0 f i DirectDraw.obj
 0002:000538d0       ?_Buy@?$vector@UtagDISPLAYMODE@CDirectDraw@@V?$allocator@UtagDISPLAYMODE@CDirectDraw@@@std@@@std@@IAE_NI@Z 0052e8d0 f i DirectDraw.obj
 0002:000539b0       ?_Tidy@?$vector@UtagDISPLAYMODE@CDirectDraw@@V?$allocator@UtagDISPLAYMODE@CDirectDraw@@@std@@@std@@IAEXXZ 0052e9b0 f i DirectDraw.obj
 0002:00053a80       ?_Ufill@?$vector@UtagDISPLAYMODE@CDirectDraw@@V?$allocator@UtagDISPLAYMODE@CDirectDraw@@@std@@@std@@IAEPAUtagDISPLAYMODE@CDirectDraw@@PAU34@IABU34@@Z 0052ea80 f i DirectDraw.obj
 0002:00053b00       ?_Orphan_range@?$vector@UtagDISPLAYMODE@CDirectDraw@@V?$allocator@UtagDISPLAYMODE@CDirectDraw@@@std@@@std@@IBEXPAUtagDISPLAYMODE@CDirectDraw@@0@Z 0052eb00 f i DirectDraw.obj
 0002:00053c00       ??0?$_Vector_val@UtagDISPLAYMODE@CDirectDraw@@V?$allocator@UtagDISPLAYMODE@CDirectDraw@@@std@@@std@@IAE@V?$allocator@UtagDISPLAYMODE@CDirectDraw@@@1@@Z 0052ec00 f i DirectDraw.obj
 0002:00053c80       ??1?$_Container_base_aux_alloc_empty@V?$allocator@UtagDISPLAYMODE@CDirectDraw@@@std@@@std@@IAE@XZ 0052ec80 f i DirectDraw.obj
 0002:00053cd0       ??0?$allocator@UtagDISPLAYMODE@CDirectDraw@@@std@@QAE@XZ 0052ecd0 f i DirectDraw.obj
 0002:00053d10       ?begin@?$vector@UtagDISPLAYMODE@CDirectDraw@@V?$allocator@UtagDISPLAYMODE@CDirectDraw@@@std@@@std@@QAE?AV?$_Vector_iterator@UtagDISPLAYMODE@CDirectDraw@@V?$allocator@UtagDISPLAYMODE@CDirectDraw@@@std@@@2@XZ 0052ed10 f i DirectDraw.obj
 0002:00053da0       ?max_size@?$vector@UtagDISPLAYMODE@CDirectDraw@@V?$allocator@UtagDISPLAYMODE@CDirectDraw@@@std@@@std@@QBEIXZ 0052eda0 f i DirectDraw.obj
 0002:00053e00       ?_Destroy@?$vector@UtagDISPLAYMODE@CDirectDraw@@V?$allocator@UtagDISPLAYMODE@CDirectDraw@@@std@@@std@@IAEXPAUtagDISPLAYMODE@CDirectDraw@@0@Z 0052ee00 f i DirectDraw.obj
 0002:00053e70       ?_Insert_n@?$vector@UtagDISPLAYMODE@CDirectDraw@@V?$allocator@UtagDISPLAYMODE@CDirectDraw@@@std@@@std@@IAEXV?$_Vector_const_iterator@UtagDISPLAYMODE@CDirectDraw@@V?$allocator@UtagDISPLAYMODE@CDirectDraw@@@std@@@2@IABUtagDISPLAYMODE@CDirectDraw@@@Z 0052ee70 f i DirectDraw.obj
 0002:00054460       ?_Xlen@?$vector@UtagDISPLAYMODE@CDirectDraw@@V?$allocator@UtagDISPLAYMODE@CDirectDraw@@@std@@@std@@KAXXZ 0052f460 f i DirectDraw.obj
 0002:00054540       ??0?$_Container_base_aux_alloc_empty@V?$allocator@UtagDISPLAYMODE@CDirectDraw@@@std@@@std@@IAE@V?$allocator@UtagDISPLAYMODE@CDirectDraw@@@1@@Z 0052f540 f i DirectDraw.obj
 0002:000545a0       ??0?$allocator@UtagDISPLAYMODE@CDirectDraw@@@std@@QAE@ABV01@@Z 0052f5a0 f i DirectDraw.obj
 0002:000545e0       ?deallocate@?$allocator@UtagDISPLAYMODE@CDirectDraw@@@std@@QAEXPAUtagDISPLAYMODE@CDirectDraw@@I@Z 0052f5e0 f i DirectDraw.obj
 0002:00054640       ?allocate@?$allocator@UtagDISPLAYMODE@CDirectDraw@@@std@@QAEPAUtagDISPLAYMODE@CDirectDraw@@I@Z 0052f640 f i DirectDraw.obj
 0002:000546a0       ??0?$_Vector_iterator@UtagDISPLAYMODE@CDirectDraw@@V?$allocator@UtagDISPLAYMODE@CDirectDraw@@@std@@@std@@QAE@PAUtagDISPLAYMODE@CDirectDraw@@PBV_Container_base_secure@1@@Z 0052f6a0 f i DirectDraw.obj
 0002:00054700       ??H?$_Vector_iterator@UtagDISPLAYMODE@CDirectDraw@@V?$allocator@UtagDISPLAYMODE@CDirectDraw@@@std@@@std@@QBE?AV01@H@Z 0052f700 f i DirectDraw.obj
 0002:00054820       ??G?$_Vector_const_iterator@UtagDISPLAYMODE@CDirectDraw@@V?$allocator@UtagDISPLAYMODE@CDirectDraw@@@std@@@std@@QBEHABV01@@Z 0052f820 f i DirectDraw.obj
 0002:00054890       ??0?$_Vector_iterator@UtagDISPLAYMODE@CDirectDraw@@V?$allocator@UtagDISPLAYMODE@CDirectDraw@@@std@@@std@@QAE@ABV01@@Z 0052f890 f i DirectDraw.obj
 0002:000548f0       ?max_size@?$allocator@UtagDISPLAYMODE@CDirectDraw@@@std@@QBEIXZ 0052f8f0 f i DirectDraw.obj
 0002:00054960       ??Y?$_Vector_iterator@UtagDISPLAYMODE@CDirectDraw@@V?$allocator@UtagDISPLAYMODE@CDirectDraw@@@std@@@std@@QAEAAV01@H@Z 0052f960 f i DirectDraw.obj
 0002:000549c0       ??0?$_Vector_const_iterator@UtagDISPLAYMODE@CDirectDraw@@V?$allocator@UtagDISPLAYMODE@CDirectDraw@@@std@@@std@@QAE@PAUtagDISPLAYMODE@CDirectDraw@@PBV_Container_base_secure@1@@Z 0052f9c0 f i DirectDraw.obj
 0002:00054af0       ?_Compat@?$_Vector_const_iterator@UtagDISPLAYMODE@CDirectDraw@@V?$allocator@UtagDISPLAYMODE@CDirectDraw@@@std@@@std@@QBEXABV12@@Z 0052faf0 f i DirectDraw.obj
 0002:00054bc0       ??0?$_Ranit@UtagDISPLAYMODE@CDirectDraw@@HPBU12@ABU12@@std@@QAE@XZ 0052fbc0 f i DirectDraw.obj
 0002:00054c20       ??0?$_Iterator_with_base@Urandom_access_iterator_tag@std@@UtagDISPLAYMODE@CDirectDraw@@HPBU34@ABU34@V_Iterator_base@2@@std@@QAE@XZ 0052fc20 f i DirectDraw.obj
 0002:00054c80       ??Y?$_Vector_const_iterator@UtagDISPLAYMODE@CDirectDraw@@V?$allocator@UtagDISPLAYMODE@CDirectDraw@@@std@@@std@@QAEAAV01@H@Z 0052fc80 f i DirectDraw.obj
 0002:00054df0       ??$unchecked_uninitialized_fill_n@PAUtagDISPLAYMODE@CDirectDraw@@IU12@V?$allocator@UtagDISPLAYMODE@CDirectDraw@@@std@@@stdext@@YAXPAUtagDISPLAYMODE@CDirectDraw@@IABU12@AAV?$allocator@UtagDISPLAYMODE@CDirectDraw@@@std@@@Z 0052fdf0 f i DirectDraw.obj
 0002:00054e90       ??$_Destroy_range@V?$allocator@UtagDISPLAYMODE@CDirectDraw@@@std@@@std@@YAXPAUtagDISPLAYMODE@CDirectDraw@@0AAV?$allocator@UtagDISPLAYMODE@CDirectDraw@@@0@@Z 0052fe90 f i DirectDraw.obj
 0002:00054f10       ??$_Umove@PAUtagDISPLAYMODE@CDirectDraw@@@?$vector@UtagDISPLAYMODE@CDirectDraw@@V?$allocator@UtagDISPLAYMODE@CDirectDraw@@@std@@@std@@IAEPAUtagDISPLAYMODE@CDirectDraw@@PAU23@00@Z 0052ff10 f i DirectDraw.obj
 0002:00054f80       ??$fill@PAUtagDISPLAYMODE@CDirectDraw@@U12@@std@@YAXPAUtagDISPLAYMODE@CDirectDraw@@0ABU12@@Z 0052ff80 f i DirectDraw.obj
 0002:00054ff0       ??$_Unchecked_move_backward@PAUtagDISPLAYMODE@CDirectDraw@@PAU12@@stdext@@YAPAUtagDISPLAYMODE@CDirectDraw@@PAU12@00@Z 0052fff0 f i DirectDraw.obj
 0002:000550c0       ??$_Allocate@UtagDISPLAYMODE@CDirectDraw@@@std@@YAPAUtagDISPLAYMODE@CDirectDraw@@IPAU12@@Z 005300c0 f i DirectDraw.obj
 0002:00055160       ??$_Ptr_cat@PAUtagDISPLAYMODE@CDirectDraw@@PAU12@@std@@YA?AU_Nonscalar_ptr_iterator_tag@0@AAPAUtagDISPLAYMODE@CDirectDraw@@0@Z 00530160 f i DirectDraw.obj
 0002:000551d0       ??$_Uninit_fill_n@PAUtagDISPLAYMODE@CDirectDraw@@IU12@V?$allocator@UtagDISPLAYMODE@CDirectDraw@@@std@@@std@@YAXPAUtagDISPLAYMODE@CDirectDraw@@IABU12@AAV?$allocator@UtagDISPLAYMODE@CDirectDraw@@@0@U_Nonscalar_ptr_iterator_tag@0@U_Range_checked_iterator_tag@0@@Z 005301d0 f i DirectDraw.obj
 0002:000552e0       ??$_Destroy_range@V?$allocator@UtagDISPLAYMODE@CDirectDraw@@@std@@@std@@YAXPAUtagDISPLAYMODE@CDirectDraw@@0AAV?$allocator@UtagDISPLAYMODE@CDirectDraw@@@0@U_Nonscalar_ptr_iterator_tag@0@@Z 005302e0 f i DirectDraw.obj
 0002:00055350       ??$_Unchecked_uninitialized_move@PAUtagDISPLAYMODE@CDirectDraw@@PAU12@V?$allocator@UtagDISPLAYMODE@CDirectDraw@@@std@@@stdext@@YAPAUtagDISPLAYMODE@CDirectDraw@@PAU12@00AAV?$allocator@UtagDISPLAYMODE@CDirectDraw@@@std@@@Z 00530350 f i DirectDraw.obj
 0002:00055400       ??$_Checked_base@PAUtagDISPLAYMODE@CDirectDraw@@@std@@YAPAUtagDISPLAYMODE@CDirectDraw@@AAPAU12@@Z 00530400 f i DirectDraw.obj
 0002:00055490       ??$_Fill@PAUtagDISPLAYMODE@CDirectDraw@@U12@@std@@YAXPAUtagDISPLAYMODE@CDirectDraw@@0ABU12@@Z 00530490 f i DirectDraw.obj
 0002:00055530       ??$_Iter_random@PAUtagDISPLAYMODE@CDirectDraw@@PAU12@@std@@YA?AUrandom_access_iterator_tag@0@ABQAUtagDISPLAYMODE@CDirectDraw@@0@Z 00530530 f i DirectDraw.obj
 0002:000555a0       ??$_Move_cat@PAUtagDISPLAYMODE@CDirectDraw@@@std@@YA?AU_Undefined_move_tag@0@ABQAUtagDISPLAYMODE@CDirectDraw@@@Z 005305a0 f i DirectDraw.obj
 0002:00055610       ??$_Move_backward_opt@PAUtagDISPLAYMODE@CDirectDraw@@PAU12@Urandom_access_iterator_tag@std@@U_Undefined_move_tag@4@@std@@YAPAUtagDISPLAYMODE@CDirectDraw@@PAU12@00Urandom_access_iterator_tag@0@U_Undefined_move_tag@0@U_Range_checked_iterator_tag@0@@Z 00530610 f i DirectDraw.obj
 0002:000556b0       ?construct@?$allocator@UtagDISPLAYMODE@CDirectDraw@@@std@@QAEXPAUtagDISPLAYMODE@CDirectDraw@@ABU34@@Z 005306b0 f i DirectDraw.obj
 0002:00055710       ?destroy@?$allocator@UtagDISPLAYMODE@CDirectDraw@@@std@@QAEXPAUtagDISPLAYMODE@CDirectDraw@@@Z 00530710 f i DirectDraw.obj
 0002:00055770       ??$_Uninit_move@PAUtagDISPLAYMODE@CDirectDraw@@PAU12@V?$allocator@UtagDISPLAYMODE@CDirectDraw@@@std@@U_Undefined_move_tag@4@@std@@YAPAUtagDISPLAYMODE@CDirectDraw@@PAU12@00AAV?$allocator@UtagDISPLAYMODE@CDirectDraw@@@0@U_Undefined_move_tag@0@U_Range_checked_iterator_tag@0@@Z 00530770 f i DirectDraw.obj
 0002:000557d0       ??$_Checked_base@PAUtagDISPLAYMODE@CDirectDraw@@@std@@YAPAUtagDISPLAYMODE@CDirectDraw@@AAPAU12@U_Unchanged_checked_iterator_base_type_tag@0@@Z 005307d0 f i DirectDraw.obj
 0002:00055810       ??$_Debug_range@PAUtagDISPLAYMODE@CDirectDraw@@@std@@YAXPAUtagDISPLAYMODE@CDirectDraw@@0PB_WI@Z 00530810 f i DirectDraw.obj
 0002:00055890       ??$_Copy_backward_opt@PAUtagDISPLAYMODE@CDirectDraw@@PAU12@@std@@YAPAUtagDISPLAYMODE@CDirectDraw@@PAU12@00Urandom_access_iterator_tag@0@U_Nonscalar_ptr_iterator_tag@0@U_Range_checked_iterator_tag@0@@Z 00530890 f i DirectDraw.obj
 0002:00055950       ??$_Construct@UtagDISPLAYMODE@CDirectDraw@@U12@@std@@YAXPAUtagDISPLAYMODE@CDirectDraw@@ABU12@@Z 00530950 f i DirectDraw.obj
 0002:00055a00       ??$_Destroy@UtagDISPLAYMODE@CDirectDraw@@@std@@YAXPAUtagDISPLAYMODE@CDirectDraw@@@Z 00530a00 f i DirectDraw.obj
 0002:00055a30       ??$unchecked_uninitialized_copy@PAUtagDISPLAYMODE@CDirectDraw@@PAU12@V?$allocator@UtagDISPLAYMODE@CDirectDraw@@@std@@@stdext@@YAPAUtagDISPLAYMODE@CDirectDraw@@PAU12@00AAV?$allocator@UtagDISPLAYMODE@CDirectDraw@@@std@@@Z 00530a30 f i DirectDraw.obj
 0002:00055ae0       ??$_Iter_cat@PAUtagDISPLAYMODE@CDirectDraw@@@std@@YA?AUrandom_access_iterator_tag@0@ABQAUtagDISPLAYMODE@CDirectDraw@@@Z 00530ae0 f i DirectDraw.obj
 0002:00055b50       ??$_Debug_range2@PAUtagDISPLAYMODE@CDirectDraw@@@std@@YAXPAUtagDISPLAYMODE@CDirectDraw@@0PB_WIUrandom_access_iterator_tag@0@@Z 00530b50 f i DirectDraw.obj
 0002:00055bf0       ??$_Copy_backward_opt@PAUtagDISPLAYMODE@CDirectDraw@@PAU12@Uforward_iterator_tag@std@@@std@@YAPAUtagDISPLAYMODE@CDirectDraw@@PAU12@00Uforward_iterator_tag@0@U_Nonscalar_ptr_iterator_tag@0@U_Range_checked_iterator_tag@0@@Z 00530bf0 f i DirectDraw.obj
 0002:00055ca0       ??$_Uninit_copy@PAUtagDISPLAYMODE@CDirectDraw@@PAU12@V?$allocator@UtagDISPLAYMODE@CDirectDraw@@@std@@@std@@YAPAUtagDISPLAYMODE@CDirectDraw@@PAU12@00AAV?$allocator@UtagDISPLAYMODE@CDirectDraw@@@0@U_Nonscalar_ptr_iterator_tag@0@U_Range_checked_iterator_tag@0@@Z 00530ca0 f i DirectDraw.obj
 0002:00055df0       ??$_Debug_pointer@UtagDISPLAYMODE@CDirectDraw@@@std@@YAXPAUtagDISPLAYMODE@CDirectDraw@@PB_WI@Z 00530df0 f i DirectDraw.obj
 0002:00055e50       ??0CDirectInput@@QAE@XZ    00530e50 f   DirectInput.obj
 0002:00055f90       ??_ECDirectInput@@UAEPAXI@Z 00530f90 f i DirectInput.obj
 0002:00055f90       ??_GCDirectInput@@UAEPAXI@Z 00530f90 f i DirectInput.obj
 0002:00056000       ??1CDirectInput@@UAE@XZ    00531000 f   DirectInput.obj
 0002:000560d0       ?DIEnumDevicesCallback@CDirectInput@@KGHPAUDIDEVICEINSTANCEA@@PAX@Z 005310d0 f   DirectInput.obj
 0002:00056160       ?AddJoystickDevice@CDirectInput@@QAEHU_GUID@@@Z 00531160 f   DirectInput.obj
 0002:00056690       ?InitialDInput@CDirectInput@@QAEHPAUHWND__@@PAUHINSTANCE__@@@Z 00531690 f   DirectInput.obj
 0002:00056ba0       ?ReleaseDInput@CDirectInput@@QAEXXZ 00531ba0 f   DirectInput.obj
 0002:00056d20       ?Acquire@CDirectInput@@QAEXXZ 00531d20 f   DirectInput.obj
 0002:00056e20       ?Unacquire@CDirectInput@@QAEXXZ 00531e20 f   DirectInput.obj
 0002:00056f20       ?Poll@CDirectInput@@QAEXXZ 00531f20 f   DirectInput.obj
 0002:00057620       ?SearchKeyName@CDirectInput@@QAEPBDH@Z 00532620 f   DirectInput.obj
 0002:000577d0       ??0CWaveData@@QAE@XZ       005327d0 f   DirectSound.obj
 0002:00057850       ??_GCWaveData@@UAEPAXI@Z   00532850 f i DirectSound.obj
 0002:00057850       ??_ECWaveData@@UAEPAXI@Z   00532850 f i DirectSound.obj
 0002:000578c0       ??1CWaveData@@UAE@XZ       005328c0 f   DirectSound.obj
 0002:00057920       ?Load@CWaveData@@QAEHPBD@Z 00532920 f   DirectSound.obj
 0002:00057c60       ?Free@CWaveData@@QAEXXZ    00532c60 f   DirectSound.obj
 0002:00057cd0       ?GetSize@CWaveData@@QAEKXZ 00532cd0 f   DirectSound.obj
 0002:00057d20       ?GetFormat@CWaveData@@QAEPAUtWAVEFORMATEX@@XZ 00532d20 f   DirectSound.obj
 0002:00057d70       ?GetData@CWaveData@@QAEPAXXZ 00532d70 f   DirectSound.obj
 0002:00057dc0       ??0CDirectSound@@QAE@XZ    00532dc0 f   DirectSound.obj
 0002:00057f20       ??_ECDirectSound@@UAEPAXI@Z 00532f20 f i DirectSound.obj
 0002:00057f20       ??_GCDirectSound@@UAEPAXI@Z 00532f20 f i DirectSound.obj
 0002:00057f90       ??1CDirectSound@@UAE@XZ    00532f90 f   DirectSound.obj
 0002:00058050       ?InitialDSound@CDirectSound@@QAEHPAUHWND__@@@Z 00533050 f   DirectSound.obj
 0002:00058370       ?ReleaseDSound@CDirectSound@@QAEXXZ 00533370 f   DirectSound.obj
 0002:00058460       ?InitialBuffer@CDirectSound@@QAEHXZ 00533460 f   DirectSound.obj
 0002:00058910       ?ReleaseBuffer@CDirectSound@@QAEXXZ 00533910 f   DirectSound.obj
 0002:000589a0       ?SetSamplingRate@CDirectSound@@QAEHKK@Z 005339a0 f   DirectSound.obj
 0002:00058a50       ?GetSamplingRate@CDirectSound@@QAEXAAK0@Z 00533a50 f   DirectSound.obj
 0002:00058ab0       ?StreamPlay@CDirectSound@@QAEXXZ 00533ab0 f   DirectSound.obj
 0002:00058cc0       ?StreamStop@CDirectSound@@QAEXXZ 00533cc0 f   DirectSound.obj
 0002:00058e10       ?StreamPause@CDirectSound@@QAEXXZ 00533e10 f   DirectSound.obj
 0002:00058ec0       ?StreamResume@CDirectSound@@QAEXXZ 00533ec0 f   DirectSound.obj
 0002:00058f70       ?GetStreamLockPosition@CDirectSound@@QAEHPAK0@Z 00533f70 f   DirectSound.obj
 0002:000590c0       ?StreamLock@CDirectSound@@QAEHKKPAPAXPAK01K@Z 005340c0 f   DirectSound.obj
 0002:00059160       ?StreamUnlock@CDirectSound@@QAEHPAXK0K@Z 00534160 f   DirectSound.obj
 0002:000591f0       ?LoadEsf@CDirectSound@@QAEHPBDH@Z 005341f0 f   DirectSound.obj
 0002:000592f0       ?EsfPlay@CDirectSound@@QAEHH@Z 005342f0 f   DirectSound.obj
 0002:000594c0       ?EsfPlayLoop@CDirectSound@@QAEHH@Z 005344c0 f   DirectSound.obj
 0002:00059720       ?EsfStop@CDirectSound@@QAEHH@Z 00534720 f   DirectSound.obj
 0002:00059810       ?EsfAllStop@CDirectSound@@QAEXXZ 00534810 f   DirectSound.obj
 0002:000598a0       ?CreateESFBuffer@CDirectSound@@QAEHHPAUtWAVEFORMATEX@@PAXK@Z 005348a0 f   DirectSound.obj
 0002:00059b90       ?ReleaseEsfBuffer@CDirectSound@@QAEXXZ 00534b90 f   DirectSound.obj
 0002:00059c80       ?DispatchDlg@CEmulatorDlg@@MAEHPAUHWND__@@IIJ@Z 00534c80 f   EmulatorDlg.obj
 0002:00059e50       ?DoModal@CEmulatorDlg@@UAEHPAUHWND__@@@Z 00534e50 f   EmulatorDlg.obj
 0002:00059ed0       ?OnInitialMember@CEmulatorDlg@@IAEXXZ 00534ed0 f   EmulatorDlg.obj
 0002:0005a420       ?OnInitDialog@CEmulatorDlg@@IAEHPAUHWND__@@IJAAH@Z 00535420 f   EmulatorDlg.obj
 0002:0005a490       ?OnHScroll@CEmulatorDlg@@IAEHPAUHWND__@@IJAAH@Z 00535490 f   EmulatorDlg.obj
 0002:0005a5b0       ?OnOK@CEmulatorDlg@@IAEXPAUHWND__@@I@Z 005355b0 f   EmulatorDlg.obj
 0002:0005a940       ?OnCancel@CEmulatorDlg@@IAEXPAUHWND__@@I@Z 00535940 f   EmulatorDlg.obj
 0002:0005a9c0       ?OnDefault@CEmulatorDlg@@IAEXPAUHWND__@@I@Z 005359c0 f   EmulatorDlg.obj
 0002:0005aa20       ??0CEmuThread@@QAE@XZ      00535a20 f   EmuThread.obj
 0002:0005aaa0       ??1CEmuThread@@QAE@XZ      00535aa0 f   EmuThread.obj
 0002:0005aaf0       ?SetPriority@CEmuThread@@QAEXH@Z 00535af0 f   EmuThread.obj
 0002:0005ab80       ?Start@CEmuThread@@QAEHPAUHWND__@@PAVNES@@@Z 00535b80 f   EmuThread.obj
 0002:0005ae50       ?Stop@CEmuThread@@QAEXXZ   00535e50 f   EmuThread.obj
 0002:0005afc0       ?Pause@CEmuThread@@QAEXXZ  00535fc0 f   EmuThread.obj
 0002:0005b0c0       ?IsPausing@CEmuThread@@QAEHXZ 005360c0 f i EmuThread.obj
 0002:0005b110       ?Resume@CEmuThread@@QAEXXZ 00536110 f   EmuThread.obj
 0002:0005b210       ?Event@CEmuThread@@QAEXW4EMUEVENT@1@@Z 00536210 f   EmuThread.obj
 0002:0005b2e0       ?EventParam@CEmuThread@@QAEXW4EMUEVENT@1@J@Z 005362e0 f   EmuThread.obj
 0002:0005b3b0       ?EventParam2@CEmuThread@@QAEXW4EMUEVENT@1@JJ@Z 005363b0 f   EmuThread.obj
 0002:0005b480       ?DiskCommand@CEmuThread@@KAXE@Z 00536480 f   EmuThread.obj
 0002:0005b750       ?GetDiskNo@ROM@@QAEHXZ     00536750 f i EmuThread.obj
 0002:0005b790       ?FrameInput@CEmuThread@@KAHXZ 00536790 f   EmuThread.obj
 0002:0005bd40       ?SetZapperPos@NES@@QAEXJJ@Z 00536d40 f i EmuThread.obj
 0002:0005bd90       ?IsServer@CNetPlay@@QAEHXZ 00536d90 f i EmuThread.obj
 0002:0005bdd0       ?GetZapperMode@CDirectDraw@@QAEHXZ 00536dd0 f i EmuThread.obj
 0002:0005be10       ?ThreadProc@CEmuThread@@KGKPAX@Z 00536e10 f   EmuThread.obj
 0002:0005e1f0       ?IsDiskThrottle@NES@@QAEHXZ 005391f0 f i EmuThread.obj
 0002:0005e230       ?SetTurboFileBank@NES@@QAEXH@Z 00539230 f i EmuThread.obj
 0002:0005e280       ?GetRenderScreen@CDirectDraw@@QAEPAEXZ 00539280 f i EmuThread.obj
 0002:0005e2c0       ?GetLineColormode@CDirectDraw@@QAEPAEXZ 005392c0 f i EmuThread.obj
 0002:0005e300       ?SetDiskAccessLamp@CDirectDraw@@QAEXH@Z 00539300 f i EmuThread.obj
 0002:0005e350       ?StreamProcess@CEmuThread@@KAXH@Z 00539350 f   EmuThread.obj
 0002:0005e4f0       ?IsStreamPause@CDirectSound@@QAEHXZ 005394f0 f i EmuThread.obj
 0002:0005e530       ?empty@?$deque@VNETEV@@V?$allocator@VNETEV@@@std@@@std@@QBE_NXZ 00539530 f i EmuThread.obj
 0002:0005e580       ?front@?$deque@VNETEV@@V?$allocator@VNETEV@@@std@@@std@@QAEAAVNETEV@@XZ 00539580 f i EmuThread.obj
 0002:0005e660       ?pop_front@?$deque@VNETEV@@V?$allocator@VNETEV@@@std@@@std@@QAEXXZ 00539660 f i EmuThread.obj
 0002:0005e790       ?push_back@?$deque@VNETEV@@V?$allocator@VNETEV@@@std@@@std@@QAEXABVNETEV@@@Z 00539790 f i EmuThread.obj
 0002:0005e8e0       ?clear@?$deque@VNETEV@@V?$allocator@VNETEV@@@std@@@std@@QAEXXZ 005398e0 f i EmuThread.obj
 0002:0005e930       ??1?$_Deque_iterator@VNETEV@@V?$allocator@VNETEV@@@std@@$00@std@@QAE@XZ 00539930 f i EmuThread.obj
 0002:0005e980       ??1?$_Deque_const_iterator@VNETEV@@V?$allocator@VNETEV@@@std@@$00@std@@QAE@XZ 00539980 f i EmuThread.obj
 0002:0005e9d0       ??1?$_Ranit@VNETEV@@HPBV1@ABV1@@std@@QAE@XZ 005399d0 f i EmuThread.obj
 0002:0005ea20       ??1?$_Iterator_with_base@Urandom_access_iterator_tag@std@@VNETEV@@HPBV3@ABV3@V_Iterator_base@2@@std@@QAE@XZ 00539a20 f i EmuThread.obj
 0002:0005ea70       ?begin@?$deque@VNETEV@@V?$allocator@VNETEV@@@std@@@std@@QAE?AV?$_Deque_iterator@VNETEV@@V?$allocator@VNETEV@@@std@@$00@2@XZ 00539a70 f i EmuThread.obj
 0002:0005eb00       ?_Growmap@?$deque@VNETEV@@V?$allocator@VNETEV@@@std@@@std@@IAEXI@Z 00539b00 f i EmuThread.obj
 0002:0005ee00       ?_Tidy@?$deque@VNETEV@@V?$allocator@VNETEV@@@std@@@std@@IAEXXZ 00539e00 f i EmuThread.obj
 0002:0005ef20       ?_Orphan_off@?$deque@VNETEV@@V?$allocator@VNETEV@@@std@@@std@@IBEXI@Z 00539f20 f i EmuThread.obj
 0002:0005f0a0       ?allocate@?$allocator@VNETEV@@@std@@QAEPAVNETEV@@I@Z 0053a0a0 f i EmuThread.obj
 0002:0005f100       ?construct@?$allocator@VNETEV@@@std@@QAEXPAVNETEV@@ABV3@@Z 0053a100 f i EmuThread.obj
 0002:0005f160       ?destroy@?$allocator@VNETEV@@@std@@QAEXPAVNETEV@@@Z 0053a160 f i EmuThread.obj
 0002:0005f1c0       ??D?$_Deque_iterator@VNETEV@@V?$allocator@VNETEV@@@std@@$00@std@@QBEAAVNETEV@@XZ 0053a1c0 f i EmuThread.obj
 0002:0005f210       ?max_size@?$deque@VNETEV@@V?$allocator@VNETEV@@@std@@@std@@QBEIXZ 0053a210 f i EmuThread.obj
 0002:0005f270       ?pop_back@?$deque@VNETEV@@V?$allocator@VNETEV@@@std@@@std@@QAEXXZ 0053a270 f i EmuThread.obj
 0002:0005f3b0       ?_Xlen@?$deque@VNETEV@@V?$allocator@VNETEV@@@std@@@std@@KAXXZ 0053a3b0 f i EmuThread.obj
 0002:0005f490       ?deallocate@?$allocator@VNETEV@@@std@@QAEXPAVNETEV@@I@Z 0053a490 f i EmuThread.obj
 0002:0005f4f0       ?deallocate@?$allocator@PAVNETEV@@@std@@QAEXPAPAVNETEV@@I@Z 0053a4f0 f i EmuThread.obj
 0002:0005f550       ?allocate@?$allocator@PAVNETEV@@@std@@QAEPAPAVNETEV@@I@Z 0053a550 f i EmuThread.obj
 0002:0005f5b0       ?destroy@?$allocator@PAVNETEV@@@std@@QAEXPAPAVNETEV@@@Z 0053a5b0 f i EmuThread.obj
 0002:0005f610       ??0?$_Deque_iterator@VNETEV@@V?$allocator@VNETEV@@@std@@$00@std@@QAE@IPBV_Container_base_secure@1@@Z 0053a610 f i EmuThread.obj
 0002:0005f670       ??D?$_Deque_const_iterator@VNETEV@@V?$allocator@VNETEV@@@std@@$00@std@@QBEABVNETEV@@XZ 0053a670 f i EmuThread.obj
 0002:0005f7c0       ?max_size@?$allocator@VNETEV@@@std@@QBEIXZ 0053a7c0 f i EmuThread.obj
 0002:0005f830       ??0?$_Deque_const_iterator@VNETEV@@V?$allocator@VNETEV@@@std@@$00@std@@QAE@IPBV_Container_base_secure@1@@Z 0053a830 f i EmuThread.obj
 0002:0005f970       ??0?$_Ranit@VNETEV@@HPBV1@ABV1@@std@@QAE@XZ 0053a970 f i EmuThread.obj
 0002:0005f9d0       ??0?$_Iterator_with_base@Urandom_access_iterator_tag@std@@VNETEV@@HPBV3@ABV3@V_Iterator_base@2@@std@@QAE@XZ 0053a9d0 f i EmuThread.obj
 0002:0005fa30       ??$unchecked_uninitialized_copy@PAPAVNETEV@@PAPAV1@V?$allocator@PAVNETEV@@@std@@@stdext@@YAPAPAVNETEV@@PAPAV1@00AAV?$allocator@PAVNETEV@@@std@@@Z 0053aa30 f i EmuThread.obj
 0002:0005fae0       ??$unchecked_uninitialized_fill_n@PAPAVNETEV@@IPAV1@V?$allocator@PAVNETEV@@@std@@@stdext@@YAXPAPAVNETEV@@IABQAV1@AAV?$allocator@PAVNETEV@@@std@@@Z 0053aae0 f i EmuThread.obj
 0002:0005fb80       ??$_Destroy_range@V?$allocator@PAVNETEV@@@std@@@std@@YAXPAPAVNETEV@@0AAV?$allocator@PAVNETEV@@@0@@Z 0053ab80 f i EmuThread.obj
 0002:0005fc00       ??$_Allocate@VNETEV@@@std@@YAPAVNETEV@@IPAV1@@Z 0053ac00 f i EmuThread.obj
 0002:0005fca0       ??$_Construct@VNETEV@@V1@@std@@YAXPAVNETEV@@ABV1@@Z 0053aca0 f i EmuThread.obj
 0002:0005fd40       ??$_Destroy@VNETEV@@@std@@YAXPAVNETEV@@@Z 0053ad40 f i EmuThread.obj
 0002:0005fd70       ??$_Allocate@PAVNETEV@@@std@@YAPAPAVNETEV@@IPAPAV1@@Z 0053ad70 f i EmuThread.obj
 0002:0005fe10       ??$_Destroy@PAVNETEV@@@std@@YAXPAPAVNETEV@@@Z 0053ae10 f i EmuThread.obj
 0002:0005fe40       ??$_Checked_base@PAPAVNETEV@@@std@@YAPAPAVNETEV@@AAPAPAV1@@Z 0053ae40 f i EmuThread.obj
 0002:0005fed0       ??$_Ptr_cat@PAPAVNETEV@@PAPAV1@@std@@YA?AU_Scalar_ptr_iterator_tag@0@AAPAPAVNETEV@@0@Z 0053aed0 f i EmuThread.obj
 0002:0005ff40       ??$_Uninit_copy@PAPAVNETEV@@PAPAV1@V?$allocator@PAVNETEV@@@std@@@std@@YAPAPAVNETEV@@PAPAV1@00AAV?$allocator@PAVNETEV@@@0@U_Scalar_ptr_iterator_tag@0@U_Range_checked_iterator_tag@0@@Z 0053af40 f i EmuThread.obj
 0002:00060010       ??$_Uninit_fill_n@PAPAVNETEV@@IPAV1@V?$allocator@PAVNETEV@@@std@@@std@@YAXPAPAVNETEV@@IABQAV1@AAV?$allocator@PAVNETEV@@@0@U_Scalar_ptr_iterator_tag@0@U_Range_checked_iterator_tag@0@@Z 0053b010 f i EmuThread.obj
 0002:00060070       ??$_Destroy_range@V?$allocator@PAVNETEV@@@std@@@std@@YAXPAPAVNETEV@@0AAV?$allocator@PAVNETEV@@@0@U_Scalar_ptr_iterator_tag@0@@Z 0053b070 f i EmuThread.obj
 0002:000600a0       ??$_Checked_base@PAPAVNETEV@@@std@@YAPAPAVNETEV@@AAPAPAV1@U_Unchanged_checked_iterator_base_type_tag@0@@Z 0053b0a0 f i EmuThread.obj
 0002:000600e0       ??$_Debug_range@PAPAVNETEV@@@std@@YAXPAPAVNETEV@@0PB_WI@Z 0053b0e0 f i EmuThread.obj
 0002:00060160       ??$_Debug_pointer@PAVNETEV@@@std@@YAXPAPAVNETEV@@PB_WI@Z 0053b160 f i EmuThread.obj
 0002:000601c0       ??$unchecked_fill_n@PAPAVNETEV@@IPAV1@@stdext@@YAXPAPAVNETEV@@IABQAV1@@Z 0053b1c0 f i EmuThread.obj
 0002:00060250       ??$_Iter_cat@PAPAVNETEV@@@std@@YA?AUrandom_access_iterator_tag@0@ABQAPAVNETEV@@@Z 0053b250 f i EmuThread.obj
 0002:000602c0       ??$_Debug_range2@PAPAVNETEV@@@std@@YAXPAPAVNETEV@@0PB_WIUrandom_access_iterator_tag@0@@Z 0053b2c0 f i EmuThread.obj
 0002:00060360       ??$_Fill_n@PAPAVNETEV@@IPAV1@@std@@YAXPAPAVNETEV@@IABQAV1@Urandom_access_iterator_tag@0@U_Range_checked_iterator_tag@0@@Z 0053b360 f i EmuThread.obj
 0002:000603f0       ??$_Fill_n@PAPAVNETEV@@IPAV1@@std@@YAXPAPAVNETEV@@IABQAV1@U_Range_checked_iterator_tag@0@@Z 0053b3f0 f i EmuThread.obj
 0002:00060450       ??0?$deque@VNETEV@@V?$allocator@VNETEV@@@std@@@std@@QAE@XZ 0053b450 f i EmuThread.obj
 0002:000604f0       ??0?$_Deque_val@VNETEV@@V?$allocator@VNETEV@@@std@@@std@@IAE@V?$allocator@VNETEV@@@1@@Z 0053b4f0 f i EmuThread.obj
 0002:00060570       ??0?$allocator@VNETEV@@@std@@QAE@XZ 0053b570 f i EmuThread.obj
 0002:000605b0       ??0?$_Deque_map@VNETEV@@V?$allocator@VNETEV@@@std@@@std@@IAE@V?$allocator@VNETEV@@@1@@Z 0053b5b0 f i EmuThread.obj
 0002:00060630       ??0?$allocator@VNETEV@@@std@@QAE@ABV01@@Z 0053b630 f i EmuThread.obj
 0002:00060670       ??0?$_Container_base_aux_alloc_empty@V?$allocator@VNETEV@@@std@@@std@@IAE@V?$allocator@VNETEV@@@1@@Z 0053b670 f i EmuThread.obj
 0002:000606d0       ??$?0VNETEV@@@?$allocator@PAVNETEV@@@std@@QAE@ABV?$allocator@VNETEV@@@1@@Z 0053b6d0 f i EmuThread.obj
 0002:00060710       ??1?$deque@VNETEV@@V?$allocator@VNETEV@@@std@@@std@@QAE@XZ 0053b710 f i EmuThread.obj
 0002:000607b0       ??1?$_Deque_val@VNETEV@@V?$allocator@VNETEV@@@std@@@std@@QAE@XZ 0053b7b0 f i EmuThread.obj
 0002:00060800       ??1?$_Deque_map@VNETEV@@V?$allocator@VNETEV@@@std@@@std@@QAE@XZ 0053b800 f i EmuThread.obj
 0002:00060850       ??1?$_Container_base_aux_alloc_empty@V?$allocator@VNETEV@@@std@@@std@@IAE@XZ 0053b850 f i EmuThread.obj
 0002:000608a0       ?DispatchDlg@CFolderDlg@@MAEHPAUHWND__@@IIJ@Z 0053b8a0 f   FolderDlg.obj
 0002:00060be0       ??0CFolderDlg@@QAE@XZ      0053bbe0 f   FolderDlg.obj
 0002:00060c40       ??_GCFolderDlg@@UAEPAXI@Z  0053bc40 f i FolderDlg.obj
 0002:00060c40       ??_ECFolderDlg@@UAEPAXI@Z  0053bc40 f i FolderDlg.obj
 0002:00060cb0       ??1CFolderDlg@@UAE@XZ      0053bcb0 f   FolderDlg.obj
 0002:00060d10       ?DoModal@CFolderDlg@@UAEHPAUHWND__@@@Z 0053bd10 f   FolderDlg.obj
 0002:00060d90       ?OnInitialMember@CFolderDlg@@IAEXXZ 0053bd90 f   FolderDlg.obj
 0002:000610b0       ?PathCheck@CFolderDlg@@IAEXPAD@Z 0053c0b0 f   FolderDlg.obj
 0002:00061170       ?OnInitDialog@CFolderDlg@@IAEHPAUHWND__@@IJAAH@Z 0053c170 f   FolderDlg.obj
 0002:000611e0       ?OnOK@CFolderDlg@@IAEXPAUHWND__@@I@Z 0053c1e0 f   FolderDlg.obj
 0002:000615e0       ?OnCancel@CFolderDlg@@IAEXPAUHWND__@@I@Z 0053c5e0 f   FolderDlg.obj
 0002:00061660       ?OnDefault@CFolderDlg@@IAEXPAUHWND__@@I@Z 0053c660 f   FolderDlg.obj
 0002:000616c0       ?OnRomBrowse@CFolderDlg@@IAEXPAUHWND__@@I@Z 0053c6c0 f   FolderDlg.obj
 0002:00061930       ?OnSaveBrowse@CFolderDlg@@IAEXPAUHWND__@@I@Z 0053c930 f   FolderDlg.obj
 0002:00061ba0       ?OnStateBrowse@CFolderDlg@@IAEXPAUHWND__@@I@Z 0053cba0 f   FolderDlg.obj
[...]
 0005:00000bc0       __imp__TlsGetValue@4       00802bc0     kernel32:KERNEL32.dll
 0005:00000bc4       __imp__GetModuleHandleW@4  00802bc4     kernel32:KERNEL32.dll
 0005:00000bc8       __imp__TlsAlloc@0          00802bc8     kernel32:KERNEL32.dll
 0005:00000bcc       __imp__TlsSetValue@8       00802bcc     kernel32:KERNEL32.dll
 0005:00000bd0       __imp__TlsFree@4           00802bd0     kernel32:KERNEL32.dll
 0005:00000bd4       __imp__InterlockedIncrement@4 00802bd4     kernel32:KERNEL32.dll
 0005:00000bd8       __imp__SetLastError@4      00802bd8     kernel32:KERNEL32.dll
 0005:00000bdc       __imp__FileTimeToSystemTime@8 00802bdc     kernel32:KERNEL32.dll
 0005:00000be0       __imp__GetCurrentThread@0  00802be0     kernel32:KERNEL32.dll
 0005:00000be4       __imp__DeleteCriticalSection@4 00802be4     kernel32:KERNEL32.dll
 0005:00000be8       __imp__EnterCriticalSection@4 00802be8     kernel32:KERNEL32.dll
 0005:00000bec       __imp__LeaveCriticalSection@4 00802bec     kernel32:KERNEL32.dll
 0005:00000bf0       __imp__FatalAppExitA@8     00802bf0     kernel32:KERNEL32.dll
 0005:00000bf4       __imp__GetACP@0            00802bf4     kernel32:KERNEL32.dll
 0005:00000bf8       __imp__GetOEMCP@0          00802bf8     kernel32:KERNEL32.dll
 0005:00000bfc       __imp__GetCPInfo@8         00802bfc     kernel32:KERNEL32.dll
 0005:00000c00       __imp__IsValidCodePage@4   00802c00     kernel32:KERNEL32.dll
 0005:00000c04       __imp__ReadFile@20         00802c04     kernel32:KERNEL32.dll
 0005:00000c08       __imp__SetHandleCount@4    00802c08     kernel32:KERNEL32.dll
 0005:00000c0c       __imp__GetStdHandle@4      00802c0c     kernel32:KERNEL32.dll
 0005:00000c10       __imp__GetFileType@4       00802c10     kernel32:KERNEL32.dll
 0005:00000c14       __imp__SetFilePointer@16   00802c14     kernel32:KERNEL32.dll
 0005:00000c18       __imp__GetModuleHandleA@4  00802c18     kernel32:KERNEL32.dll
 0005:00000c1c       __imp__HeapFree@12         00802c1c     kernel32:KERNEL32.dll
 0005:00000c20       __imp__HeapAlloc@12        00802c20     kernel32:KERNEL32.dll
 0005:00000c24       __imp__GetProcessHeap@0    00802c24     kernel32:KERNEL32.dll
 0005:00000c28       __imp__VirtualQuery@12     00802c28     kernel32:KERNEL32.dll
 0005:00000c2c       __imp__WriteFile@20        00802c2c     kernel32:KERNEL32.dll
 0005:00000c30       __imp__GetFileInformationByHandle@8 00802c30     kernel32:KERNEL32.dll
 0005:00000c34       __imp__OutputDebugStringW@4 00802c34     kernel32:KERNEL32.dll
 0005:00000c38       __imp__ExitProcess@4       00802c38     kernel32:KERNEL32.dll
 0005:00000c3c       __imp__SetConsoleCtrlHandler@8 00802c3c     kernel32:KERNEL32.dll
 0005:00000c40       __imp__LoadLibraryW@4      00802c40     kernel32:KERNEL32.dll
 0005:00000c44       __imp__LCMapStringA@24     00802c44     kernel32:KERNEL32.dll
 0005:00000c48       __imp__LCMapStringW@24     00802c48     kernel32:KERNEL32.dll
 0005:00000c4c       __imp__GetConsoleCP@0      00802c4c     kernel32:KERNEL32.dll
 0005:00000c50       __imp__GetConsoleMode@8    00802c50     kernel32:KERNEL32.dll
 0005:00000c54       __imp__GetStringTypeA@20   00802c54     kernel32:KERNEL32.dll
 0005:00000c58       __imp__GetStringTypeW@16   00802c58     kernel32:KERNEL32.dll
 0005:00000c5c       __imp__HeapSize@12         00802c5c     kernel32:KERNEL32.dll
 0005:00000c60       __imp__HeapReAlloc@16      00802c60     kernel32:KERNEL32.dll
 0005:00000c64       __imp__HeapDestroy@4       00802c64     kernel32:KERNEL32.dll
 0005:00000c68       __imp__HeapCreate@12       00802c68     kernel32:KERNEL32.dll
 0005:00000c6c       __imp__VirtualFree@12      00802c6c     kernel32:KERNEL32.dll
 0005:00000c70       __imp__VirtualAlloc@16     00802c70     kernel32:KERNEL32.dll
 0005:00000c74       __imp__GetTickCount@0      00802c74     kernel32:KERNEL32.dll
 0005:00000c78       __imp__GetCurrentProcessId@0 00802c78     kernel32:KERNEL32.dll
 0005:00000c7c       __imp__FreeEnvironmentStringsA@4 00802c7c     kernel32:KERNEL32.dll
 0005:00000c80       __imp__GetEnvironmentStrings@0 00802c80     kernel32:KERNEL32.dll
 0005:00000c84       __imp__FreeEnvironmentStringsW@4 00802c84     kernel32:KERNEL32.dll
 0005:00000c88       __imp__GetEnvironmentStringsW@0 00802c88     kernel32:KERNEL32.dll
 0005:00000c8c       __imp__InitializeCriticalSectionAndSpinCount@8 00802c8c     kernel32:KERNEL32.dll
 0005:00000c90       __imp__GetTimeFormatA@24   00802c90     kernel32:KERNEL32.dll
 0005:00000c94       __imp__GetDateFormatA@24   00802c94     kernel32:KERNEL32.dll
 0005:00000c98       __imp__GetLocaleInfoA@16   00802c98     kernel32:KERNEL32.dll
 0005:00000c9c       __imp__IsValidLocale@8     00802c9c     kernel32:KERNEL32.dll
 0005:00000ca0       __imp__EnumSystemLocalesA@8 00802ca0     kernel32:KERNEL32.dll
 0005:00000ca4       __imp__SetStdHandle@8      00802ca4     kernel32:KERNEL32.dll
 0005:00000ca8       __imp__FlushFileBuffers@4  00802ca8     kernel32:KERNEL32.dll
 0005:00000cac       __imp__InterlockedExchange@8 00802cac     kernel32:KERNEL32.dll
 0005:00000cb0       __imp__WriteConsoleA@20    00802cb0     kernel32:KERNEL32.dll
 0005:00000cb4       __imp__GetConsoleOutputCP@0 00802cb4     kernel32:KERNEL32.dll
 0005:00000cb8       __imp__GetLocaleInfoW@16   00802cb8     kernel32:KERNEL32.dll
 0005:00000cbc       __imp__GetTimeZoneInformation@4 00802cbc     kernel32:KERNEL32.dll
 0005:00000cc0       __imp__SetEndOfFile@4      00802cc0     kernel32:KERNEL32.dll
 0005:00000cc4       __imp__CompareStringA@24   00802cc4     kernel32:KERNEL32.dll
 0005:00000cc8       __imp__CompareStringW@24   00802cc8     kernel32:KERNEL32.dll
 0005:00000ccc       __imp__SetEnvironmentVariableA@8 00802ccc     kernel32:KERNEL32.dll
 0005:00000cd0       __imp__FindFirstFileA@8    00802cd0     kernel32:KERNEL32.dll
 0005:00000cd4       __imp__FindNextFileA@8     00802cd4     kernel32:KERNEL32.dll
 0005:00000cd8       __imp__CreateEventA@16     00802cd8     kernel32:KERNEL32.dll
 0005:00000cdc       __imp__ResetEvent@4        00802cdc     kernel32:KERNEL32.dll
 0005:00000ce0       __imp__SetEvent@4          00802ce0     kernel32:KERNEL32.dll
 0005:00000ce4       __imp__SetThreadPriority@8 00802ce4     kernel32:KERNEL32.dll
 0005:00000ce8       __imp__OutputDebugStringA@4 00802ce8     kernel32:KERNEL32.dll
 0005:00000cec       __imp__lstrcmpiA@8         00802cec     kernel32:KERNEL32.dll
 0005:00000cf0       __imp__Sleep@4             00802cf0     kernel32:KERNEL32.dll
 0005:00000cf4       __imp__CreateThread@24     00802cf4     kernel32:KERNEL32.dll
 0005:00000cf8       __imp__ResumeThread@4      00802cf8     kernel32:KERNEL32.dll
 0005:00000cfc       __imp__TerminateThread@8   00802cfc     kernel32:KERNEL32.dll
 0005:00000d00       __imp__CreateDirectoryA@8  00802d00     kernel32:KERNEL32.dll
 0005:00000d04       __imp__WaitForSingleObject@8 00802d04     kernel32:KERNEL32.dll
 0005:00000d08       __imp__CloseHandle@4       00802d08     kernel32:KERNEL32.dll
 0005:00000d0c       __imp__FreeLibrary@4       00802d0c     kernel32:KERNEL32.dll
 0005:00000d10       __imp__LoadLibraryA@4      00802d10     kernel32:KERNEL32.dll
 0005:00000d14       __imp__GetProcAddress@8    00802d14     kernel32:KERNEL32.dll
 0005:00000d18       __imp__GetTempPathA@8      00802d18     kernel32:KERNEL32.dll
 0005:00000d1c       __imp__DeleteFileA@4       00802d1c     kernel32:KERNEL32.dll
 0005:00000d20       __imp__lstrlenA@4          00802d20     kernel32:KERNEL32.dll
 0005:00000d24       __imp__lstrcpyA@8          00802d24     kernel32:KERNEL32.dll
 0005:00000d28       __imp__WriteConsoleW@20    00802d28     kernel32:KERNEL32.dll
 0005:00000d2c       __imp__FileTimeToLocalFileTime@8 00802d2c     kernel32:KERNEL32.dll
 0005:00000d30       __imp__InterlockedDecrement@4 00802d30     kernel32:KERNEL32.dll
 0005:00000d34       __imp__InitializeCriticalSection@4 00802d34     kernel32:KERNEL32.dll
 0005:00000d38       \177KERNEL32_NULL_THUNK_DATA 00802d38     kernel32:KERNEL32.dll
 0005:00000dc8       __imp__ICCompressorFree@4  00802dc8     vfw32:MSVFW32.dll
 0005:00000dcc       __imp__ICCompressorChoose@24 00802dcc     vfw32:MSVFW32.dll
 0005:00000dd0       \177MSVFW32_NULL_THUNK_DATA 00802dd0     vfw32:MSVFW32.dll
 0005:00000dfc       __imp__SHBrowseForFolderA@4 00802dfc     shell32:SHELL32.dll
 0005:00000e00       __imp__DragAcceptFiles@8   00802e00     shell32:SHELL32.dll
 0005:00000e04       __imp__DragFinish@4        00802e04     shell32:SHELL32.dll
 0005:00000e08       __imp__DragQueryFileA@16   00802e08     shell32:SHELL32.dll
 0005:00000e0c       __imp__SHGetMalloc@4       00802e0c     shell32:SHELL32.dll
 0005:00000e10       __imp__ShellExecuteA@24    00802e10     shell32:SHELL32.dll
 0005:00000e14       __imp__SHGetPathFromIDListA@8 00802e14     shell32:SHELL32.dll
 0005:00000e18       \177SHELL32_NULL_THUNK_DATA 00802e18     shell32:SHELL32.dll
 0005:00000e48       __imp__StrStrIA@8          00802e48     shlwapi:SHLWAPI.dll
 0005:00000e4c       __imp__PathIsRelativeA@4   00802e4c     shlwapi:SHLWAPI.dll
 0005:00000e50       __imp__PathAppendA@8       00802e50     shlwapi:SHLWAPI.dll
 0005:00000e54       __imp__PathFindExtensionA@4 00802e54     shlwapi:SHLWAPI.dll
 0005:00000e58       __imp__StrCmpNIA@12        00802e58     shlwapi:SHLWAPI.dll
 0005:00000e5c       __imp__PathUnquoteSpacesA@4 00802e5c     shlwapi:SHLWAPI.dll
 0005:00000e60       __imp__PathCanonicalizeA@8 00802e60     shlwapi:SHLWAPI.dll
 0005:00000e64       \177SHLWAPI_NULL_THUNK_DATA 00802e64     shlwapi:SHLWAPI.dll
 0005:00000e94       __imp__GetSubMenu@8        00802e94     user32:USER32.dll
 0005:00000e98       __imp__GetSystemMetrics@4  00802e98     user32:USER32.dll
 0005:00000e9c       __imp__CheckDlgButton@12   00802e9c     user32:USER32.dll
 0005:00000ea0       __imp__LoadMenuA@8         00802ea0     user32:USER32.dll
 0005:00000ea4       __imp__TrackPopupMenu@28   00802ea4     user32:USER32.dll
 0005:00000ea8       __imp__GetParent@4         00802ea8     user32:USER32.dll
 0005:00000eac       __imp__ReleaseDC@8         00802eac     user32:USER32.dll
 0005:00000eb0       __imp__FindWindowA@8       00802eb0     user32:USER32.dll
 0005:00000eb4       __imp__SetRect@20          00802eb4     user32:USER32.dll
 0005:00000eb8       __imp__ClientToScreen@8    00802eb8     user32:USER32.dll
 0005:00000ebc       __imp__GetCursorPos@4      00802ebc     user32:USER32.dll
 0005:00000ec0       __imp__GetAsyncKeyState@4  00802ec0     user32:USER32.dll
 0005:00000ec4       __imp__GetMenuItemID@8     00802ec4     user32:USER32.dll
 0005:00000ec8       __imp__GetMenuItemCount@4  00802ec8     user32:USER32.dll
 0005:00000ecc       __imp__CheckMenuItem@12    00802ecc     user32:USER32.dll
 0005:00000ed0       __imp__SetDlgItemInt@16    00802ed0     user32:USER32.dll
 0005:00000ed4       __imp__GetDlgItemInt@16    00802ed4     user32:USER32.dll
 0005:00000ed8       __imp__CreateWindowExA@48  00802ed8     user32:USER32.dll
 0005:00000edc       __imp__RegisterClassExA@4  00802edc     user32:USER32.dll
 0005:00000ee0       __imp__SetMenu@8           00802ee0     user32:USER32.dll
 0005:00000ee4       __imp__PostQuitMessage@4   00802ee4     user32:USER32.dll
 0005:00000ee8       __imp__DrawMenuBar@4       00802ee8     user32:USER32.dll
 0005:00000eec       __imp__GetWindowPlacement@8 00802eec     user32:USER32.dll
 0005:00000ef0       __imp__SetForegroundWindow@4 00802ef0     user32:USER32.dll
 0005:00000ef4       __imp__IsWindowVisible@4   00802ef4     user32:USER32.dll
 0005:00000ef8       __imp__RedrawWindow@16     00802ef8     user32:USER32.dll
 0005:00000efc       __imp__SetWindowPlacement@8 00802efc     user32:USER32.dll
 0005:00000f00       __imp__ShowCursor@4        00802f00     user32:USER32.dll
 0005:00000f04       __imp__ModifyMenuA@20      00802f04     user32:USER32.dll
 0005:00000f08       __imp__GetMenuStringA@20   00802f08     user32:USER32.dll
 0005:00000f0c       __imp__EnableMenuItem@12   00802f0c     user32:USER32.dll
 0005:00000f10       __imp__SetScrollInfo@16    00802f10     user32:USER32.dll
 0005:00000f14       __imp__GetScrollInfo@12    00802f14     user32:USER32.dll
 0005:00000f18       __imp__FillRect@12         00802f18     user32:USER32.dll
 0005:00000f1c       __imp__InvertRect@8        00802f1c     user32:USER32.dll
 0005:00000f20       __imp__CheckRadioButton@16 00802f20     user32:USER32.dll
 0005:00000f24       __imp__MessageBoxA@16      00802f24     user32:USER32.dll
 0005:00000f28       __imp__IsDlgButtonChecked@8 00802f28     user32:USER32.dll
 0005:00000f2c       __imp__DeleteMenu@12       00802f2c     user32:USER32.dll
 0005:00000f30       __imp__DispatchMessageA@4  00802f30     user32:USER32.dll
 0005:00000f34       __imp__TranslateMessage@4  00802f34     user32:USER32.dll
 0005:00000f38       __imp__GetMessageA@16      00802f38     user32:USER32.dll
 0005:00000f3c       __imp__UpdateWindow@4      00802f3c     user32:USER32.dll
 0005:00000f40       __imp__IsDialogMessageA@8  00802f40     user32:USER32.dll
 0005:00000f44       __imp__SetWindowsHookExA@16 00802f44     user32:USER32.dll
 0005:00000f48       __imp__UnhookWindowsHookEx@4 00802f48     user32:USER32.dll
 0005:00000f4c       __imp__CallNextHookEx@16   00802f4c     user32:USER32.dll
 0005:00000f50       __imp__EnableWindow@8      00802f50     user32:USER32.dll
 0005:00000f54       __imp__GetWindowTextA@12   00802f54     user32:USER32.dll
 0005:00000f58       __imp__DefWindowProcA@16   00802f58     user32:USER32.dll
 0005:00000f5c       __imp__LoadStringA@16      00802f5c     user32:USER32.dll
 0005:00000f60       __imp__EndDialog@8         00802f60     user32:USER32.dll
 0005:00000f64       __imp__CallWindowProcA@20  00802f64     user32:USER32.dll
 0005:00000f68       __imp__PtInRect@12         00802f68     user32:USER32.dll
 0005:00000f6c       __imp__SetCursor@4         00802f6c     user32:USER32.dll
 0005:00000f70       __imp__BeginPaint@8        00802f70     user32:USER32.dll
 0005:00000f74       __imp__EndPaint@8          00802f74     user32:USER32.dll
 0005:00000f78       __imp__IsWindow@4          00802f78     user32:USER32.dll
 0005:00000f7c       __imp__GetClientRect@8     00802f7c     user32:USER32.dll
 0005:00000f80       __imp__GetDC@4             00802f80     user32:USER32.dll
 0005:00000f84       __imp__DrawTextA@20        00802f84     user32:USER32.dll
 0005:00000f88       __imp__OffsetRect@12       00802f88     user32:USER32.dll
 0005:00000f8c       __imp__SendMessageA@16     00802f8c     user32:USER32.dll
 0005:00000f90       __imp__LoadCursorA@8       00802f90     user32:USER32.dll
 0005:00000f94       __imp__GetWindowLongA@8    00802f94     user32:USER32.dll
 0005:00000f98       __imp__SetWindowLongA@12   00802f98     user32:USER32.dll
 0005:00000f9c       __imp__LoadIconA@8         00802f9c     user32:USER32.dll
 0005:00000fa0       __imp__SendDlgItemMessageA@20 00802fa0     user32:USER32.dll
 0005:00000fa4       __imp__wsprintfA           00802fa4     user32:USER32.dll
 0005:00000fa8       __imp__SetDlgItemTextA@12  00802fa8     user32:USER32.dll
 0005:00000fac       __imp__GetDlgItem@8        00802fac     user32:USER32.dll
 0005:00000fb0       __imp__DialogBoxParamA@20  00802fb0     user32:USER32.dll
 0005:00000fb4       __imp__InvalidateRect@12   00802fb4     user32:USER32.dll
 0005:00000fb8       __imp__DestroyMenu@4       00802fb8     user32:USER32.dll
 0005:00000fbc       __imp__SetFocus@4          00802fbc     user32:USER32.dll
 0005:00000fc0       __imp__MoveWindow@24       00802fc0     user32:USER32.dll
 0005:00000fc4       __imp__ScreenToClient@8    00802fc4     user32:USER32.dll
 0005:00000fc8       __imp__SetWindowPos@28     00802fc8     user32:USER32.dll
 0005:00000fcc       __imp__ShowWindow@8        00802fcc     user32:USER32.dll
 0005:00000fd0       __imp__GetFocus@0          00802fd0     user32:USER32.dll
 0005:00000fd4       __imp__MessageBeep@4       00802fd4     user32:USER32.dll
 0005:00000fd8       __imp__GetWindowTextLengthA@4 00802fd8     user32:USER32.dll
 0005:00000fdc       __imp__GetDlgItemTextA@16  00802fdc     user32:USER32.dll
 0005:00000fe0       __imp__KillTimer@8         00802fe0     user32:USER32.dll
 0005:00000fe4       __imp__GetWindowRect@8     00802fe4     user32:USER32.dll
 0005:00000fe8       __imp__DestroyWindow@4     00802fe8     user32:USER32.dll
 0005:00000fec       __imp__CreateDialogParamA@20 00802fec     user32:USER32.dll
 0005:00000ff0       __imp__PostMessageA@16     00802ff0     user32:USER32.dll
 0005:00000ff4       __imp__InsertMenuA@20      00802ff4     user32:USER32.dll
 0005:00000ff8       __imp__SetTimer@16         00802ff8     user32:USER32.dll
 0005:00000ffc       __imp__DrawEdge@16         00802ffc     user32:USER32.dll
 0005:00001000       __imp__SetWindowTextA@8    00803000     user32:USER32.dll
 0005:00001004       \177USER32_NULL_THUNK_DATA 00803004     user32:USER32.dll
 0005:00001078       __imp__GetFileVersionInfoSizeA@8 00803078     version:VERSION.dll
 0005:0000107c       \177VERSION_NULL_THUNK_DATA 0080307c     version:VERSION.dll
 0005:000010a8       __imp__timeBeginPeriod@4   008030a8     winmm:WINMM.dll
 0005:000010ac       __imp__timeEndPeriod@4     008030ac     winmm:WINMM.dll
 0005:000010b0       __imp__timeGetTime@0       008030b0     winmm:WINMM.dll
 0005:000010b4       \177WINMM_NULL_THUNK_DATA  008030b4     winmm:WINMM.dll
 0005:000010e0       __imp__WSACleanup@0        008030e0     wsock32:WSOCK32.dll
 0005:000010e4       __imp__WSAStartup@8        008030e4     wsock32:WSOCK32.dll
 0005:000010e8       __imp__WSAAsyncGetHostByName@20 008030e8     wsock32:WSOCK32.dll
 0005:000010ec       __imp__inet_addr@4         008030ec     wsock32:WSOCK32.dll
 0005:000010f0       __imp__WSAGetLastError@0   008030f0     wsock32:WSOCK32.dll
 0005:000010f4       __imp__connect@12          008030f4     wsock32:WSOCK32.dll
 0005:000010f8       __imp__listen@8            008030f8     wsock32:WSOCK32.dll
 0005:000010fc       __imp__WSAAsyncSelect@16   008030fc     wsock32:WSOCK32.dll
 0005:00001100       __imp__ioctlsocket@12      00803100     wsock32:WSOCK32.dll
 0005:00001104       __imp__bind@12             00803104     wsock32:WSOCK32.dll
 0005:00001108       __imp__htons@4             00803108     wsock32:WSOCK32.dll
 0005:0000110c       __imp__htonl@4             0080310c     wsock32:WSOCK32.dll
 0005:00001110       __imp__closesocket@4       00803110     wsock32:WSOCK32.dll
 0005:00001114       __imp__setsockopt@20       00803114     wsock32:WSOCK32.dll
 0005:00001118       __imp__socket@12           00803118     wsock32:WSOCK32.dll
 0005:0000111c       __imp__shutdown@8          0080311c     wsock32:WSOCK32.dll
 0005:00001120       __imp__WSACancelAsyncRequest@4 00803120     wsock32:WSOCK32.dll
 0005:00001124       __imp__send@16             00803124     wsock32:WSOCK32.dll
 0005:00001128       __imp__recv@16             00803128     wsock32:WSOCK32.dll
 0005:0000112c       __imp__sendto@24           0080312c     wsock32:WSOCK32.dll
 0005:00001130       __imp__recvfrom@24         00803130     wsock32:WSOCK32.dll
 0005:00001134       __imp__accept@12           00803134     wsock32:WSOCK32.dll
 0005:00001138       __imp__inet_ntoa@4         00803138     wsock32:WSOCK32.dll
 0005:0000113c       \177WSOCK32_NULL_THUNK_DATA 0080313c     wsock32:WSOCK32.dll
 0005:00001178       __imp__CoUninitialize@0    00803178     ole32:ole32.dll
 0005:0000117c       __imp__CoCreateInstance@20 0080317c     ole32:ole32.dll
 0005:00001180       __imp__CoInitialize@4      00803180     ole32:ole32.dll
 0005:00001184       \177ole32_NULL_THUNK_DATA  00803184     ole32:ole32.dll

 entry point at        0002:00005b31

